[actionrefund.com/index.html]
[actionrefund.com/wp-content/themes/coelix/newmain8-styles2514.css]
[actionrefund.com/wp-content/uploads/2022/09/favicon-diy.png]
[backblue.gif]
[fade.gif]
[index.html]
[widget.trustpilot.com/bootstrap/v5/tp.widget.bootstrap.min.js]
[cdn.landbot.io/landbot-3/landbot-3.0.0.js]
[actionrefund.com/wp-content/uploads/2021/11/popup-image.svg]
[actionrefund.com/wp-content/uploads/2022/10/Money-Back-big.webp]
[actionrefund.com/wp-content/uploads/2021/10/logo.svg]
[actionrefund.com/wp-content/uploads/2021/10/en.png]
[actionrefund.com/wp-content/uploads/2021/10/france.svg]
[actionrefund.com/about/index.html]
[actionrefund.com/wp-content/uploads/2021/10/germany.svg]
[actionrefund.com/new-action-service/index.html]
[actionrefund.com/wp-content/uploads/2021/10/img1.png]
[actionrefund.com/additional-1/index.html]
[actionrefund.com/wp-content/uploads/2021/10/img2.png]
[actionrefund.com/additional-2/index.html]
[actionrefund.com/additional-4/index.html]
[actionrefund.com/wp-content/uploads/2021/10/img3.png]
[actionrefund.com/additional-5/index.html]
[actionrefund.com/additional-3/index.html]
[actionrefund.com/wp-content/themes/coelix/svgMap.svg]
[actionrefund.com/additional-6/index.html]
[actionrefund.com/wp-content/uploads/2020/12/australia.svg]
[actionrefund.com/additional-7/index.html]
[actionrefund.com/additional-8/index.html]
[actionrefund.com/wp-content/uploads/2020/12/denmark.svg]
[actionrefund.com/additional-9/index.html]
[actionrefund.com/additional-10/index.html]
[actionrefund.com/wp-content/uploads/2020/12/germany.svg]
[actionrefund.com/additional-11/index.html]
[actionrefund.com/new-action-testimonials/index.html]
[actionrefund.com/wp-content/uploads/2020/12/hong-kong.svg]
[actionrefund.com/new-action-faq/index.html]
[actionrefund.com/wp-content/uploads/2020/12/ireland.svg]
[actionrefund.com/new-action-articles-1/index.html]
[actionrefund.com/wp-content/uploads/2020/12/netherlands.svg]
[actionrefund.com/new-action-contacts/index.html]
[actionrefund.com/payment/index.html]
[actionrefund.com/wp-content/uploads/2020/12/new-zealand.svg]
[actionrefund.com/newaction-fr/index.html]
[actionrefund.com/wp-content/uploads/2020/12/norway.svg]
[actionrefund.com/action-de/index.html]
[actionrefund.com/wp-content/uploads/2020/12/portugal.svg]
[actionrefund.com/wp-content/uploads/2020/12/singapore.svg]
[actionrefund.com/wp-content/uploads/2020/12/sweden.svg]
[actionrefund.com/wp-content/uploads/2020/12/switzerland.svg]
[actionrefund.com/wp-content/uploads/2020/12/united-arab-emirates.svg]
[actionrefund.com/wp-content/uploads/2021/10/img4.png]
[actionrefund.com/wp-content/uploads/2021/10/img5.png]
[actionrefund.com/wp-content/uploads/2021/10/img6.png]
[actionrefund.com/wp-content/uploads/2021/10/img7.png]
[actionrefund.com/wp-content/uploads/2021/10/img8.png]
[actionrefund.com/wp-content/uploads/2022/10/Money-Back.webp]
[actionrefund.com/about-us/index.html]
[actionrefund.com/wp-content/uploads/2021/10/img10.webp]
[actionrefund.com/new-terms/index.html]
[actionrefund.com/wp-content/uploads/2021/10/img11.webp]
[actionrefund.com/wp-content/uploads/2021/10/img12.webp]
[actionrefund.com/how-to-spot-a-scam-website/index.html]
[actionrefund.com/cdn-cgi/l/email-protection.html]
[actionrefund.com/wp-content/uploads/2021/10/ficon1.png]
[actionrefund.com/how-does-chargeback-work/index.html]
[actionrefund.com/wp-content/uploads/2021/10/ficon2.png]
[actionrefund.com/wp-content/uploads/2021/10/ficon3.png]
[actionrefund.com/wp-content/uploads/2021/10/ficon4.png]
[actionrefund.com/wp-content/uploads/2021/10/ficon5.png]
[actionrefund.com/new-privacy/index.html]
[actionrefund.com/wp-content/uploads/2021/10/ficon6.png]
[actionrefund.com/new-legal/index.html]
[actionrefund.com/wp-content/uploads/2021/10/ficon7.png]
[actionrefund.com/cdn-cgi/scripts/5c5dd728/cloudflare-static/email-decode.min.js]
[actionrefund.com/wp-content/uploads/2021/10/calc-icon.svg]
[actionrefund.com/wp-content/themes/coelix/reworkUtils2659e.js]
[actionrefund.com/wp-content/themes/coelix/main-jse1b3.js]
[actionrefund.com/wp-content/themes/coelix/legal.js]
[actionrefund.com/index.html]
[actionrefund.com/wp-content/themes/coelix/Poppins-Light.ttf]
[actionrefund.com/wp-content/themes/coelix/Poppins-Regular.ttf]
[actionrefund.com/wp-content/themes/coelix/Poppins-Medium.ttf]
[actionrefund.com/wp-content/themes/coelix/Poppins-SemiBold.ttf]
[actionrefund.com/wp-content/themes/coelix/Poppins-Bold.ttf]
[actionrefund.com/wp-content/themes/coelix/Montserrat-Light.ttf]
[actionrefund.com/wp-content/themes/coelix/Montserrat-Regular.ttf]
[actionrefund.com/wp-content/themes/coelix/Montserrat-Medium.ttf]
[actionrefund.com/wp-content/themes/coelix/Montserrat-SemiBold.ttf]
[actionrefund.com/wp-content/themes/coelix/Mulish-Bold.ttf]
[actionrefund.com/wp-content/themes/coelix/Mulish-SemiBold.ttf]
[actionrefund.com/wp-content/themes/coelix/Mulish-ExtraBold.ttf]
[actionrefund.com/wp-content/themes/coelix/Mulish-Regular.ttf]
[actionrefund.com/wp-content/uploads/2021/10/bg1-1.png]
[actionrefund.com/wp-content/uploads/2021/10/bg2-1.png]
[actionrefund.com/wp-content/uploads/2021/11/about-bg1.png]
[actionrefund.com/wp-content/uploads/2021/11/faq-bg.png]
[actionrefund.com/wp-content/themes/coelix/img/serv2.svg]
[actionrefund.com/wp-content/themes/coelix/img/faq-bg.png]
[actionrefund.com/wp-content/themes/coelix/img/reviews-bg.png]
[actionrefund.com/wp-content/uploads/2021/10/step-arrow.svg]
[actionrefund.com/wp-content/themes/images/main-bg.webp]
[img.youtube.com/vi/xKMC25cBq0A/hqdefault.jpg]
[img.youtube.com/vi/Cy14ovR8WPs/hqdefault.jpg]
[img.youtube.com/vi/AAQR766tpCs/hqdefault.jpg]
[img.youtube.com/vi/ylJMFpdFWic/hqdefault.jpg]
[actionrefund.com/wp-content/uploads/2022/09/bird.svg]
[actionrefund.com/wp-content/uploads/2022/10/arrow_drop_down.png]
[actionrefund.com/wp-content/themes/coelix/newmain8-styles2514.css]
[actionrefund.com/xhr.js]
[actionrefund.com/GET]
[actionrefund.com/lib/widget-management.js]
[widget.trustpilot.com/bootstrap/v5/tp.widget.bootstrap.min.js]
[actionrefund.com/wp-content/uploads/2021/11/popup-image.svg]
[actionrefund.com/wp-content/uploads/2021/10/logo.svg]
[actionrefund.com/wp-content/themes/coelix/newabout329fae.css]
[actionrefund.com/wp-content/uploads/2022/06/faviconb477.ico]
[actionrefund.com/wp-content/uploads/2021/10/about-img1.png]
[actionrefund.com/new-action-aboutde/index.html]
[actionrefund.com/about-fr/index.html]
[actionrefund.com/wp-content/uploads/2021/10/faq1.png]
[actionrefund.com/wp-content/themes/coelix/legalfc94.js]
[actionrefund.com/wp-content/themes/coelix/new4-main9f41.js]
[actionrefund.com/about/index.html]
[actionrefund.com/wp-content/themes/coelix/newservice5-styles263d.css]
[actionrefund.com/wp-content/uploads/2022/06/faviconaabd.ico]
[actionrefund.com/wp-content/uploads/2021/10/serv1.png]
[actionrefund.com/new-action-servicefr/index.html]
[actionrefund.com/wp-content/uploads/2021/10/serv3.png]
[actionrefund.com/new-action-servicede/index.html]
[actionrefund.com/wp-content/uploads/2021/10/serv4.svg]
[actionrefund.com/wp-content/uploads/2021/10/services2.svg]
[actionrefund.com/wp-content/uploads/2021/10/services3.svg]
[actionrefund.com/wp-content/uploads/2021/10/services4.svg]
[actionrefund.com/wp-content/themes/coelix/legale7ad.js]
[actionrefund.com/wp-content/themes/coelix/new4-mainf8b7.js]
[actionrefund.com/new-action-service/index.html]
[actionrefund.com/wp-content/themes/coelix/newservice5-stylesc0f1.css]
[actionrefund.com/wp-content/uploads/2022/06/favicon5e6e.ico]
[actionrefund.com/wp-content/uploads/2022/10/Binary-Options-Scams.png]
[actionrefund.com/wp-content/uploads/2022/10/Forex-Trading-Scams.png]
[actionrefund.com/wp-content/uploads/2022/10/Frame-10.png]
[actionrefund.com/wp-content/uploads/2022/10/Other-Types-of-Online-Scams.png]
[actionrefund.com/wp-content/themes/coelix/main-js.js]
[actionrefund.com/additional-1/index.html]
[actionrefund.com/wp-content/themes/coelix/newservice5-stylesee32.css]
[actionrefund.com/wp-content/uploads/2022/06/faviconc001.ico]
[actionrefund.com/wp-content/uploads/2022/10/Group-1.png]
[actionrefund.com/additional-2/index.html]
[actionrefund.com/wp-content/themes/coelix/newservice5-stylesaee4.css]
[actionrefund.com/wp-content/uploads/2022/06/favicon2738.ico]
[actionrefund.com/wp-content/uploads/2022/10/illustration-2.png]
[actionrefund.com/additional-3/index.html]
[actionrefund.com/wp-content/themes/coelix/newservice5-stylesd4b2.css]
[actionrefund.com/wp-content/uploads/2022/06/favicona44c.ico]
[actionrefund.com/wp-content/uploads/2022/10/XMLID_1_.png]
[actionrefund.com/wp-content/uploads/2022/10/Frame.png]
[actionrefund.com/additional-4/index.html]
[actionrefund.com/wp-content/themes/coelix/newservice5-stylesc947.css]
[actionrefund.com/wp-content/uploads/2022/06/favicon83aa.ico]
[actionrefund.com/wp-content/uploads/2022/10/Frame-1.png]
[actionrefund.com/wp-content/uploads/2022/10/Frame-2.png]
[actionrefund.com/additional-5/index.html]
[actionrefund.com/wp-content/themes/coelix/newservice5-styles2eea.css]
[actionrefund.com/wp-content/uploads/2022/06/favicone600.ico]
[actionrefund.com/wp-content/uploads/2022/10/Frame-3.png]
[actionrefund.com/wp-content/uploads/2022/10/Frame10.png]
[actionrefund.com/additional-6/index.html]
[actionrefund.com/wp-content/themes/coelix/newservice5-styles9225.css]
[actionrefund.com/wp-content/uploads/2022/06/favicon88be.ico]
[actionrefund.com/wp-content/uploads/2022/10/Frame-4.png]
[actionrefund.com/wp-content/uploads/2022/10/Frame-5.png]
[actionrefund.com/wp-content/uploads/2022/10/Frame-7.png]
[actionrefund.com/additional-7/index.html]
[actionrefund.com/wp-content/themes/coelix/newservice5-stylesf615.css]
[actionrefund.com/wp-content/uploads/2022/06/favicond556.ico]
[actionrefund.com/wp-content/uploads/2022/10/Group-2.png]
[actionrefund.com/wp-content/uploads/2022/10/Frame-8.png]
[actionrefund.com/additional-8/index.html]
[actionrefund.com/wp-content/themes/coelix/newservice5-styles7a0d.css]
[actionrefund.com/wp-content/uploads/2022/06/favicon4095.ico]
[actionrefund.com/wp-content/uploads/2022/10/1st.png]
[actionrefund.com/wp-content/uploads/2022/10/Group-3.png]
[actionrefund.com/wp-content/uploads/2022/10/illustration.png]
[actionrefund.com/additional-9/index.html]
[actionrefund.com/wp-content/themes/coelix/newservice5-stylesbc22.css]
[actionrefund.com/wp-content/uploads/2022/06/faviconfd25.ico]
[actionrefund.com/wp-content/uploads/2022/10/Frame-9.png]
[actionrefund.com/additional-10/index.html]
[actionrefund.com/wp-content/themes/coelix/newservice5-styles1518.css]
[actionrefund.com/wp-content/uploads/2022/06/favicon0ec5.ico]
[actionrefund.com/wp-content/uploads/2022/10/Frame-11.png]
[actionrefund.com/wp-content/uploads/2022/10/Frame-12.png]
[actionrefund.com/additional-11/index.html]
[actionrefund.com/wp-content/themes/coelix/newmain8-styles0644.css]
[actionrefund.com/wp-content/uploads/2022/06/favicondfd6.ico]
[actionrefund.com/new-action-testimonialsde/index.html]
[actionrefund.com/new-action-testimonialsfr/index.html]
[actionrefund.com/wp-content/themes/coelix/reworkUtils2.js]
[actionrefund.com/new-action-testimonials/index.html]
[actionrefund.com/wp-content/themes/coelix/new4-mainbf31.js]
[actionrefund.com/wp-content/themes/coelix/newabout322ed0.css]
[actionrefund.com/wp-content/uploads/2022/06/favicon1c9d.ico]
[actionrefund.com/new-action-faq/index.html]
[actionrefund.com/wp-content/themes/coelix/new4-maind2ce.js]
[actionrefund.com/new-action-faqde/index.html]
[actionrefund.com/new-action-faqfr/index.html]
[actionrefund.com/wp-content/themes/coelix/newabout3238be.css]
[actionrefund.com/wp-content/uploads/2022/06/faviconf66b.ico]
[actionrefund.com/services/index.html]
[actionrefund.com/wp-content/uploads/2021/02/isignthisifxexpo-1024x691MIN.png]
[actionrefund.com/new-action-articles-fr-1/index.html]
[actionrefund.com/wp-content/uploads/2021/10/article1.png]
[actionrefund.com/new-action-articles-de-1/index.html]
[actionrefund.com/new-action-articles-2/index.html]
[actionrefund.com/wp-content/themes/coelix/new4-maind97f.js]
[actionrefund.com/new-action-articles-1/index.html]
[actionrefund.com/new-action-articles-3/index.html]
[actionrefund.com/wp-content/themes/coelix/newabout32c4a5.css]
[actionrefund.com/new-action-articles-4/index.html]
[actionrefund.com/wp-content/uploads/2022/06/favicon1b55.ico]
[actionrefund.com/new-action-contactsfr/index.html]
[actionrefund.com/new-action-contactsde/index.html]
[actionrefund.com/wp-content/themes/coelix/legal344c.js]
[actionrefund.com/wp-content/themes/coelix/new4-main53ed.js]
[actionrefund.com/wp-content/themes/coelix/main-jsb8bc.js]
[actionrefund.com/new-action-contacts/index.html]
[actionrefund.com/wp-includes/css/dist/block-library/style.minc4ec.css]
[actionrefund.com/comments/feed/index.html]
[actionrefund.com/feed/index.html]
[actionrefund.com/wp-content/plugins/sitepress-multilingual-cms/templates/language-switchers/legacy-dropdown/style68b3.css]
[actionrefund.com/wp-content/plugins/wpml-translation-management/res/css/admin-bar-style562c.css]
[actionrefund.com/wp-content/themes/coelix/dist/main697d.css]
[cdn.jsdelivr.net/npm/select2@4.1.0-beta.1/dist/css/select2.minc4ec.css]
[cdnjs.cloudflare.com/ajax/libs/slick-carousel/1.9.0/slick.minc4ec.css]
[actionrefund.com/wp-content/themes/coelix/dist/lazyembed.min697d.css]
[code.jquery.com/jquery-3.5.1.min.js]
[actionrefund.com/wp-content/plugins/sitepress-multilingual-cms/res/js/jquery.cookie7da6.js]
[actionrefund.com/wp-content/plugins/sitepress-multilingual-cms/res/js/cookies/language-cookie7da6.js]
[actionrefund.com/wp-content/plugins/sitepress-multilingual-cms/templates/language-switchers/legacy-dropdown/script68b3.js]
[actionrefund.com/xmlrpc0db0.php]
[actionrefund.com/wp-includes/wlwmanifest.xml]
[actionrefund.com/wp-json/oembed/1.0/embed3b4f.json]
[actionrefund.com/wp-json/index.html]
[actionrefund.com/wp-json/oembed/1.0/embed492b]
[actionrefund.com/wp-content/uploads/2022/09/cropped-favicon-diy-32x32.png]
[actionrefund.com/wp-content/uploads/2022/09/cropped-favicon-diy-192x192.png]
[actionrefund.com/wp-content/uploads/2022/09/cropped-favicon-diy-180x180.png]
[actionrefund.com/wp-content/themes/coelix/assets/images/svg/logo.svg]
[actionrefund.com/wp-content/uploads/2020/11/facebook.svg]
[actionrefund.com/wp-content/uploads/2020/11/twitter.svg]
[actionrefund.com/wp-content/uploads/2020/12/instagram.svg]
[actionrefund.com/wp-content/uploads/flags/en.png]
[actionrefund.com/wp-content/plugins/sitepress-multilingual-cms/res/flags/fr.png]
[actionrefund.com/wp-content/plugins/sitepress-multilingual-cms/res/flags/de.png]
[actionrefund.com/wp-content/themes/coelix/assets/images/svg/email.svg]
[actionrefund.com/wp-content/themes/coelix/assets/images/svg/privacy-policy.svg]
[actionrefund.com/wp-content/uploads/2021/10/privacy-policy.svg]
[actionrefund.com/wp-content/themes/coelix/assets/images/svg/map.svg]
[actionrefund.com/wp-content/themes/coelix/assets/images/svg/docs.svg]
[actionrefund.com/terms-and-conditions/index.html]
[actionrefund.com/wp-content/themes/coelix/assets/images/svg/phone.svg]
[actionrefund.com/wp-content/uploads/2020/11/visa_PNG2-7-1.png]
[actionrefund.com/wp-content/uploads/2020/11/visa_PNG2-7-2.png]
[actionrefund.com/wp-content/uploads/2020/11/visa_PNG2-7-3.png]
[actionrefund.com/wp-content/uploads/2020/11/visa_PNG2-7-4.png]
[actionrefund.com/wp-content/uploads/2020/11/gdpr-logo-2227777-1.png]
[actionrefund.com/wp-content/uploads/2020/11/image-5.png]
[actionrefund.com/wp-content/uploads/2020/11/image-6.png]
[actionrefund.com/wp-content/themes/coelix/assets/images/svg/popup-image.svg]
[actionrefund.com/wp-content/themes/coelix/assets/images/svg/calc-icon.svg]
[cdn.jsdelivr.net/npm/select2@4.1.0-beta.1/dist/js/select2.min.js]
[cdnjs.cloudflare.com/ajax/libs/slick-carousel/1.9.0/slick.min.js]
[actionrefund.com/wp-content/themes/coelix/dist/lazyembed.min697d.js]
[actionrefund.com/wp-content/themes/coelix/dist/app.min697d.js]
[cdnjs.cloudflare.com/ajax/libs/jquery-easing/1.4.1/jquery.easing.minc4ec.js]
[actionrefund.com/wp-content/themes/coelix/dist/mar697d.js]
[actionrefund.com/payment/index.html]
[actionrefund.com/wp-includes/js/wp-embed.minc4ec.js]
[actionrefund.com/wp-content/themes/coelix/newmain8-styleseb53.css]
[actionrefund.com/wp-content/uploads/2022/06/favicon.ico]
[actionrefund.com/wp-content/themes/coelix/reworkUtils2c377.js]
[actionrefund.com/new-terms-fr/index.html]
[actionrefund.com/wp-content/themes/coelix/main-jsd14e.js]
[actionrefund.com/newaction-fr/index.html]
[actionrefund.com/wp-content/uploads/2021/10/france.svg]
[actionrefund.com/new-privacy-fr/index.html]
[actionrefund.com/new-legal-fr/index.html]
[actionrefund.com/wp-content/themes/coelix/newmain8-styles7861.css]
[actionrefund.com/wp-content/themes/coelix/reworkUtils243a3.js]
[actionrefund.com/new-terms-de/index.html]
[actionrefund.com/action-de/index.html]
[actionrefund.com/wp-content/themes/coelix/main-js3c30.js]
[actionrefund.com/wp-content/uploads/2021/10/germany.svg]
[actionrefund.com/wp-content/themes/coelix/svgMap.svg]
[actionrefund.com/wp-content/uploads/2020/12/australia.svg]
[actionrefund.com/wp-content/uploads/2020/12/denmark.svg]
[actionrefund.com/wp-content/uploads/2020/12/germany.svg]
[actionrefund.com/wp-content/uploads/2020/12/hong-kong.svg]
[actionrefund.com/wp-content/uploads/2020/12/ireland.svg]
[actionrefund.com/wp-content/uploads/2020/12/netherlands.svg]
[actionrefund.com/wp-content/uploads/2020/12/new-zealand.svg]
[actionrefund.com/wp-content/uploads/2020/12/norway.svg]
[actionrefund.com/wp-content/uploads/2020/12/portugal.svg]
[actionrefund.com/wp-content/uploads/2020/12/singapore.svg]
[actionrefund.com/wp-content/uploads/2020/12/sweden.svg]
[actionrefund.com/wp-content/uploads/2020/12/switzerland.svg]
[actionrefund.com/wp-content/uploads/2020/12/united-arab-emirates.svg]
[actionrefund.com/new-legal-de/index.html]
[actionrefund.com/new-privacy-de/index.html]
[actionrefund.com/wp-json/oembed/1.0/embedb3ab.json]
[actionrefund.com/wp-json/oembed/1.0/embed3cd4]
[actionrefund.com/wp-content/uploads/2020/11/city-bay-moskva-jk-893563797-6-1.png]
[actionrefund.com/wp-content/uploads/2020/11/888881.png]
[actionrefund.com/wp-content/themes/coelix/assets/images/faq-background.png]
[actionrefund.com/faq/index.html]
[actionrefund.com/wp-content/themes/coelix/assets/images/faq-image.png]
[actionrefund.com/wp-content/themes/coelix/assets/images/svg/contact-form-image.svg]
[actionrefund.com/about-us/index.html]
[actionrefund.com/wp-content/themes/coelix/assets/images/svg/lose-money.svg]
[actionrefund.com/wp-content/themes/coelix/legal-rebuild2c8d6.css]
[actionrefund.com/wp-content/uploads/2022/06/favicone3a7.ico]
[actionrefund.com/wp-content/themes/coelix/legal97b2.js]
[actionrefund.com/testimonials/index.html]
[actionrefund.com/wp-content/themes/coelix/new4-maina6dc.js]
[actionrefund.com/new-terms/index.html]
[actionrefund.com/new-action-articles/index.html]
[actionrefund.com/contact-us/index.html]
[actionrefund.com/wp-content/uploads/2021/02/computer-with-warning-pop-up-sign-window-1024x683.jpg]
[actionrefund.com/fr/home/index.html]
[actionrefund.com/wp-json/oembed/1.0/embed312e.json]
[actionrefund.com/how-to-spot-a-scam-website/feed/index.html]
[actionrefund.com/wp-json/oembed/1.0/embedcb55]
[actionrefund.com/xmlrpc.php]
[actionrefund.com/wp-content/themes/coelix/assets/images/single-post-background.png]
[actionrefund.com/wp-content/themes/coelix/assets/images/svg/Updated-post-icon.svg]
[actionrefund.com/wp-content/uploads/2021/02/computer-with-warning-pop-up-sign-window.jpg]
[actionrefund.com/wp-content/uploads/2020/11/664563-PPDN9K-338-1.png]
[actionrefund.com/diy-chargeback-is-it-possible-and-how/index.html]
[actionrefund.com/wp-content/uploads/2021/02/656565656-1-1-1024x535MIN.png]
[actionrefund.com/how-to-spot-a-scam-website/index.html]
[actionrefund.com/regulations-are-they-crucial-for-a-business/index.html]
[actionrefund.com/wp-json/oembed/1.0/embed4996.json]
[actionrefund.com/how-does-chargeback-work/feed/index.html]
[actionrefund.com/wp-json/oembed/1.0/embedf698]
[actionrefund.com/how-does-chargeback-work/index.html]
[actionrefund.com/_data_image/png;base64,iVBORw0KGgoAAAANSUhEUgAAABAAAAAQCAYA/9hAAABHklEQVQ4EaVTO26DQBD1ohQWaS2lg9JybZ+AK7hNw/98DywOw3Dued4Who/M2aIx5lZV1aEsy0+qiwHELyi+Ytl0PQ69SxAxkWIA4RMRTd/il8IalkCLBfNVAAAAABJRU5]
[actionrefund.com/cdn-cgi/l/email-protection.html]
[actionrefund.com/wp-content/themes/coelix/legal-rebuild29b06.css]
[actionrefund.com/wp-content/themes/coelix/newAssets-privacy-disclaimer/style1ec58.css]
[actionrefund.com/_data_image/png;base64,iVBORw0KGgoAAAANSUhEUgAAABAAAAAQCAYA/9hAAABHklEQVQ4EaVTO26DQBD1ohQWaS2lg9JybZ+AK7hNw/98DywOw3Dued4Who/M2aIx5lZV1aEsy0+qiwHELyi+Ytl0PQ69SxAxkWIA4RMRTd/il8IalkCLBfNVAAAAABJRU5-2]
[actionrefund.com/wp-content/uploads/2022/06/favicond324.ico]
[actionrefund.com/wp-content/themes/coelix/legal8deb.js]
[actionrefund.com/wp-content/themes/coelix/new4-main696b.js]
[actionrefund.com/wp-content/themes/coelix/newAssets-privacy-disclaimer/fonts/Poppins-Light.ttf]
[actionrefund.com/wp-content/themes/coelix/newAssets-privacy-disclaimer/fonts/Poppins-SemiBold.ttf]
[actionrefund.com/wp-content/themes/coelix/newAssets-privacy-disclaimer/fonts/Poppins-Medium.ttf]
[actionrefund.com/new-privacy/index.html]
[actionrefund.com/wp-content/themes/coelix/newAssets-privacy-disclaimer/fonts/Poppins-Regular.ttf]
[actionrefund.com/wp-content/uploads/2022/06/favicon18f8.ico]
[actionrefund.com/wp-content/themes/coelix/legal-rebuild24c16.css]
[actionrefund.com/wp-content/uploads/2021/12/files.svg]
[actionrefund.com/wp-content/uploads/2021/12/policy.svg]
[actionrefund.com/wp-content/uploads/2021/12/sign.svg]
[actionrefund.com/new-disclaimer/index.html]
[actionrefund.com/wp-content/uploads/2021/12/cookie.svg]
[actionrefund.com/new-cookie/index.html]
[actionrefund.com/wp-content/themes/coelix/legal40e6.js]
[actionrefund.com/wp-content/themes/coelix/new4-main71c0.js]
[actionrefund.com/new-legal/index.html]
[actionrefund.com/wp-content/uploads/2021/10/calc-icon.svg]
[actionrefund.com/wp-content/themes/coelix/img/serv2.html]
[actionrefund.com/wp-content/themes/coelix/img/faq-bg.html]
[actionrefund.com/wp-content/themes/coelix/img/reviews-bg.html]
[actionrefund.com/wp-content/uploads/2021/10/step-arrow.svg]
[actionrefund.com/wp-content/themes/images/main-bg.html]
[actionrefund.com/wp-content/uploads/2022/09/bird.svg]
[actionrefund.com/xhr.html]
[actionrefund.com/GET.html]
[actionrefund.com/lib/widget-management.html]
[actionrefund.com/wp-content/themes/coelix/newabout329fae.css]
[actionrefund.com/wp-content/themes/coelix/newabout32f796.css]
[actionrefund.com/wp-content/themes/coelix/new4-main.js]
[actionrefund.com/about-fr/index.html]
[actionrefund.com/wp-content/themes/coelix/newabout3270bf.css]
[actionrefund.com/new-action-aboutde/index.html]
[actionrefund.com/about/_data_image/png;base64,iVBORw0KGgoAAAANSUhEUgAAABAAAAAQCAYA/9hAAABHklEQVQ4EaVTO26DQBD1ohQWaS2lg9JybZ+AK7hNw/98DywOw3Dued4Who/M2aIx5lZV1aEsy0+qiwHELyi+Ytl0PQ69SxAxkWIA/il8IalkCLBfNVAAAAABJRU5]
[actionrefund.com/wp-content/uploads/2021/10/serv2.svg]
[actionrefund.com/wp-content/uploads/2021/10/faq-bg.png]
[actionrefund.com/about/_data_image/png;base64,iVBORw0KGgoAAAANSUhEUgAAABAAAAAQCAYA/9hAAABHklEQVQ4EaVTO26DQBD1ohQWaS2lg9JybZ+AK7hNw/98DywOw3Dued4Who/M2aIx5lZV1aEsy0+qiwHELyi+Ytl0PQ69SxAxkWIA/il8IalkCLBfNVAAAAABJRU5-2]
[actionrefund.com/wp-content/uploads/2020/11/reviews-bg.png]
[actionrefund.com/wp-content/themes/coelix/assets/fonts/Poppins-Regular.woff2]
[actionrefund.com/wp-content/themes/coelix/assets/fonts/Poppins-Regular.woff]
[actionrefund.com/wp-content/themes/coelix/assets/fonts/Poppins-Medium.woff2]
[actionrefund.com/wp-content/themes/coelix/assets/fonts/Poppins-Medium.woff]
[actionrefund.com/wp-content/themes/coelix/assets/fonts/Poppins-SemiBold.woff2]
[actionrefund.com/wp-content/themes/coelix/assets/fonts/Poppins-SemiBold.woff]
[actionrefund.com/wp-content/uploads/2022/10/Frame-6.png]
[actionrefund.com/wp-content/themes/coelix/newservice5-styles263d.css]
[actionrefund.com/wp-content/themes/coelix/newservice5-styles619d.css]
[actionrefund.com/new-action-servicefr/index.html]
[actionrefund.com/wp-content/themes/coelix/newservice5-styles2456.css]
[actionrefund.com/new-action-servicede/index.html]
[actionrefund.com/wp-content/uploads/2021/10/serv4.svg]
[actionrefund.com/wp-content/uploads/2021/10/services2.svg]
[actionrefund.com/wp-content/uploads/2021/10/services3.svg]
[actionrefund.com/wp-content/uploads/2021/10/services4.svg]
[actionrefund.com/new-action-service/_data_image/png;base64,iVBORw0KGgoAAAANSUhEUgAAABAAAAAQCAYA/9hAAABHklEQVQ4EaVTO26DQBD1ohQWaS2lg9JybZ+AK7hNw/98DywOw3Dued4Who/M2aIx5lZV1aEsy0+qiwHELyi+Ytl/il8IalkCLBfNVAAAAABJRU5]
[actionrefund.com/wp-content/themes/coelix/newservice5-stylesc0f1.css]
[actionrefund.com/additional-1/_data_image/png;base64,iVBORw0KGgoAAAANSUhEUgAAABAAAAAQCAYA/9hAAABHklEQVQ4EaVTO26DQBD1ohQWaS2lg9JybZ+AK7hNw/98DywOw3Dued4Who/M2aIx5lZV1aEsy0+qiwHELyi+Ytl0PQ69S/il8IalkCLBfNVAAAAABJRU5]
[actionrefund.com/new-action-service/_data_image/png;base64,iVBORw0KGgoAAAANSUhEUgAAABAAAAAQCAYA/9hAAABHklEQVQ4EaVTO26DQBD1ohQWaS2lg9JybZ+AK7hNw/98DywOw3Dued4Who/M2aIx5lZV1aEsy0+qiwHELyi+Ytl/il8IalkCLBfNVAAAAABJRU5-2]
[actionrefund.com/wp-content/themes/coelix/newservice5-stylesee32.css]
[actionrefund.com/additional-2/_data_image/png;base64,iVBORw0KGgoAAAANSUhEUgAAABAAAAAQCAYA/9hAAABHklEQVQ4EaVTO26DQBD1ohQWaS2lg9JybZ+AK7hNw/98DywOw3Dued4Who/M2aIx5lZV1aEsy0+qiwHELyi+Ytl0PQ69S/il8IalkCLBfNVAAAAABJRU5]
[actionrefund.com/additional-1/_data_image/png;base64,iVBORw0KGgoAAAANSUhEUgAAABAAAAAQCAYA/9hAAABHklEQVQ4EaVTO26DQBD1ohQWaS2lg9JybZ+AK7hNw/98DywOw3Dued4Who/M2aIx5lZV1aEsy0+qiwHELyi+Ytl0PQ69S/il8IalkCLBfNVAAAAABJRU5-2]
[actionrefund.com/wp-content/themes/coelix/newservice5-stylesaee4.css]
[actionrefund.com/additional-3/_data_image/png;base64,iVBORw0KGgoAAAANSUhEUgAAABAAAAAQCAYA/9hAAABHklEQVQ4EaVTO26DQBD1ohQWaS2lg9JybZ+AK7hNw/98DywOw3Dued4Who/M2aIx5lZV1aEsy0+qiwHELyi+Ytl0PQ69S/il8IalkCLBfNVAAAAABJRU5]
[actionrefund.com/additional-2/_data_image/png;base64,iVBORw0KGgoAAAANSUhEUgAAABAAAAAQCAYA/9hAAABHklEQVQ4EaVTO26DQBD1ohQWaS2lg9JybZ+AK7hNw/98DywOw3Dued4Who/M2aIx5lZV1aEsy0+qiwHELyi+Ytl0PQ69S/il8IalkCLBfNVAAAAABJRU5-2]
[actionrefund.com/wp-content/themes/coelix/newservice5-stylesd4b2.css]
[actionrefund.com/additional-4/_data_image/png;base64,iVBORw0KGgoAAAANSUhEUgAAABAAAAAQCAYA/9hAAABHklEQVQ4EaVTO26DQBD1ohQWaS2lg9JybZ+AK7hNw/98DywOw3Dued4Who/M2aIx5lZV1aEsy0+qiwHELyi+Ytl0PQ69S/il8IalkCLBfNVAAAAABJRU5]
[actionrefund.com/additional-4/_data_image/png;base64,iVBORw0KGgoAAAANSUhEUgAAABAAAAAQCAYA/9hAAABHklEQVQ4EaVTO26DQBD1ohQWaS2lg9JybZ+AK7hNw/98DywOw3Dued4Who/M2aIx5lZV1aEsy0+qiwHELyi+Ytl0PQ69S/il8IalkCLBfNVAAAAABJRU5-2]
[actionrefund.com/additional-3/_data_image/png;base64,iVBORw0KGgoAAAANSUhEUgAAABAAAAAQCAYA/9hAAABHklEQVQ4EaVTO26DQBD1ohQWaS2lg9JybZ+AK7hNw/98DywOw3Dued4Who/M2aIx5lZV1aEsy0+qiwHELyi+Ytl0PQ69S/il8IalkCLBfNVAAAAABJRU5-2]
[actionrefund.com/wp-content/themes/coelix/newservice5-stylesc947.css]
[actionrefund.com/additional-5/_data_image/png;base64,iVBORw0KGgoAAAANSUhEUgAAABAAAAAQCAYA/9hAAABHklEQVQ4EaVTO26DQBD1ohQWaS2lg9JybZ+AK7hNw/98DywOw3Dued4Who/M2aIx5lZV1aEsy0+qiwHELyi+Ytl0PQ69S/il8IalkCLBfNVAAAAABJRU5]
[actionrefund.com/wp-content/themes/coelix/newservice5-styles2eea.css]
[actionrefund.com/additional-6/_data_image/png;base64,iVBORw0KGgoAAAANSUhEUgAAABAAAAAQCAYA/9hAAABHklEQVQ4EaVTO26DQBD1ohQWaS2lg9JybZ+AK7hNw/98DywOw3Dued4Who/M2aIx5lZV1aEsy0+qiwHELyi+Ytl0PQ69S/il8IalkCLBfNVAAAAABJRU5]
[actionrefund.com/additional-6/_data_image/png;base64,iVBORw0KGgoAAAANSUhEUgAAABAAAAAQCAYA/9hAAABHklEQVQ4EaVTO26DQBD1ohQWaS2lg9JybZ+AK7hNw/98DywOw3Dued4Who/M2aIx5lZV1aEsy0+qiwHELyi+Ytl0PQ69S/il8IalkCLBfNVAAAAABJRU5-2]
[actionrefund.com/wp-content/themes/coelix/newservice5-styles9225.css]
[actionrefund.com/additional-7/_data_image/png;base64,iVBORw0KGgoAAAANSUhEUgAAABAAAAAQCAYA/9hAAABHklEQVQ4EaVTO26DQBD1ohQWaS2lg9JybZ+AK7hNw/98DywOw3Dued4Who/M2aIx5lZV1aEsy0+qiwHELyi+Ytl0PQ69S/il8IalkCLBfNVAAAAABJRU5]
[actionrefund.com/additional-5/_data_image/png;base64,iVBORw0KGgoAAAANSUhEUgAAABAAAAAQCAYA/9hAAABHklEQVQ4EaVTO26DQBD1ohQWaS2lg9JybZ+AK7hNw/98DywOw3Dued4Who/M2aIx5lZV1aEsy0+qiwHELyi+Ytl0PQ69S/il8IalkCLBfNVAAAAABJRU5-2]
[actionrefund.com/wp-content/themes/coelix/newservice5-stylesf615.css]
[actionrefund.com/additional-8/_data_image/png;base64,iVBORw0KGgoAAAANSUhEUgAAABAAAAAQCAYA/9hAAABHklEQVQ4EaVTO26DQBD1ohQWaS2lg9JybZ+AK7hNw/98DywOw3Dued4Who/M2aIx5lZV1aEsy0+qiwHELyi+Ytl0PQ69S/il8IalkCLBfNVAAAAABJRU5]
[actionrefund.com/additional-7/_data_image/png;base64,iVBORw0KGgoAAAANSUhEUgAAABAAAAAQCAYA/9hAAABHklEQVQ4EaVTO26DQBD1ohQWaS2lg9JybZ+AK7hNw/98DywOw3Dued4Who/M2aIx5lZV1aEsy0+qiwHELyi+Ytl0PQ69S/il8IalkCLBfNVAAAAABJRU5-2]
[actionrefund.com/wp-content/themes/coelix/newservice5-styles7a0d.css]
[actionrefund.com/additional-9/_data_image/png;base64,iVBORw0KGgoAAAANSUhEUgAAABAAAAAQCAYA/9hAAABHklEQVQ4EaVTO26DQBD1ohQWaS2lg9JybZ+AK7hNw/98DywOw3Dued4Who/M2aIx5lZV1aEsy0+qiwHELyi+Ytl0PQ69S/il8IalkCLBfNVAAAAABJRU5]
[actionrefund.com/additional-8/_data_image/png;base64,iVBORw0KGgoAAAANSUhEUgAAABAAAAAQCAYA/9hAAABHklEQVQ4EaVTO26DQBD1ohQWaS2lg9JybZ+AK7hNw/98DywOw3Dued4Who/M2aIx5lZV1aEsy0+qiwHELyi+Ytl0PQ69S/il8IalkCLBfNVAAAAABJRU5-2]
[actionrefund.com/wp-content/themes/coelix/newservice5-stylesbc22.css]
[actionrefund.com/additional-10/_data_image/png;base64,iVBORw0KGgoAAAANSUhEUgAAABAAAAAQCAYA/9hAAABHklEQVQ4EaVTO26DQBD1ohQWaS2lg9JybZ+AK7hNw/98DywOw3Dued4Who/M2aIx5lZV1aEsy0+qiwHELyi+Ytl0PQ69/il8IalkCLBfNVAAAAABJRU5]
[actionrefund.com/additional-9/_data_image/png;base64,iVBORw0KGgoAAAANSUhEUgAAABAAAAAQCAYA/9hAAABHklEQVQ4EaVTO26DQBD1ohQWaS2lg9JybZ+AK7hNw/98DywOw3Dued4Who/M2aIx5lZV1aEsy0+qiwHELyi+Ytl0PQ69S/il8IalkCLBfNVAAAAABJRU5-2]
[actionrefund.com/wp-content/themes/coelix/newservice5-styles1518.css]
[actionrefund.com/additional-11/_data_image/png;base64,iVBORw0KGgoAAAANSUhEUgAAABAAAAAQCAYA/9hAAABHklEQVQ4EaVTO26DQBD1ohQWaS2lg9JybZ+AK7hNw/98DywOw3Dued4Who/M2aIx5lZV1aEsy0+qiwHELyi+Ytl0PQ69/il8IalkCLBfNVAAAAABJRU5]
[actionrefund.com/additional-10/_data_image/png;base64,iVBORw0KGgoAAAANSUhEUgAAABAAAAAQCAYA/9hAAABHklEQVQ4EaVTO26DQBD1ohQWaS2lg9JybZ+AK7hNw/98DywOw3Dued4Who/M2aIx5lZV1aEsy0+qiwHELyi+Ytl0PQ69/il8IalkCLBfNVAAAAABJRU5-2]
[actionrefund.com/wp-content/themes/coelix/newmain8-styles0644.css]
[actionrefund.com/additional-11/_data_image/png;base64,iVBORw0KGgoAAAANSUhEUgAAABAAAAAQCAYA/9hAAABHklEQVQ4EaVTO26DQBD1ohQWaS2lg9JybZ+AK7hNw/98DywOw3Dued4Who/M2aIx5lZV1aEsy0+qiwHELyi+Ytl0PQ69/il8IalkCLBfNVAAAAABJRU5-2]
[actionrefund.com/new-action-testimonialsfr/index.html]
[actionrefund.com/wp-content/themes/coelix/newmain8-styles0418.css]
[actionrefund.com/new-action-testimonialsde/index.html]
[actionrefund.com/new-action-testimonials/_data_image/png;base64,iVBORw0KGgoAAAANSUhEUgAAABAAAAAQCAYA/9hAAABHklEQVQ4EaVTO26DQBD1ohQWaS2lg9JybZ+AK7hNw/98DywOw3Dued4Who/M2aIx5lZV1aEsy0+qiwHELy/il8IalkCLBfNVAAAAABJRU5]
[actionrefund.com/wp-content/themes/coelix/newmain8-stylesb0db.css]
[actionrefund.com/wp-content/themes/coelix/newabout322ed0.css]
[actionrefund.com/new-action-faqfr/index.html]
[actionrefund.com/wp-content/themes/coelix/newabout327343.css]
[actionrefund.com/new-action-testimonials/_data_image/png;base64,iVBORw0KGgoAAAANSUhEUgAAABAAAAAQCAYA/9hAAABHklEQVQ4EaVTO26DQBD1ohQWaS2lg9JybZ+AK7hNw/98DywOw3Dued4Who/M2aIx5lZV1aEsy0+qiwHELy/il8IalkCLBfNVAAAAABJRU5-2]
[actionrefund.com/wp-content/themes/coelix/newabout32f771.css]
[actionrefund.com/new-action-faqde/index.html]
[actionrefund.com/new-action-faq/_data_image/png;base64,iVBORw0KGgoAAAANSUhEUgAAABAAAAAQCAYA/9hAAABHklEQVQ4EaVTO26DQBD1ohQWaS2lg9JybZ+AK7hNw/98DywOw3Dued4Who/M2aIx5lZV1aEsy0+qiwHELyi+Ytl0PQ6/il8IalkCLBfNVAAAAABJRU5]
[actionrefund.com/wp-content/themes/coelix/newabout3238be.css]
[actionrefund.com/wp-json/oembed/1.0/embede108.json]
[actionrefund.com/new-action-faq/_data_image/png;base64,iVBORw0KGgoAAAANSUhEUgAAABAAAAAQCAYA/9hAAABHklEQVQ4EaVTO26DQBD1ohQWaS2lg9JybZ+AK7hNw/98DywOw3Dued4Who/M2aIx5lZV1aEsy0+qiwHELyi+Ytl0PQ6/il8IalkCLBfNVAAAAABJRU5-2]
[actionrefund.com/wp-json/oembed/1.0/embed7103]
[actionrefund.com/wp-content/themes/coelix/assets/images/svg/Grid-services.svg]
[actionrefund.com/services-2/index.html]
[actionrefund.com/wp-content/uploads/2020/11/f.png]
[actionrefund.com/wp-content/uploads/2020/11/faq-bg-2.png]
[actionrefund.com/wp-content/uploads/2021/02/walletMIN.png]
[actionrefund.com/wp-content/uploads/2021/02/slide1MIN.svg]
[actionrefund.com/wp-content/uploads/2021/02/slide2MIN.svg]
[actionrefund.com/wp-content/uploads/2021/02/slide3MIN.svg]
[actionrefund.com/services/index.html]
[actionrefund.com/wp-content/uploads/2021/02/slide4MIN.svg]
[actionrefund.com/wp-content/themes/coelix/newabout32dc68.css]
[actionrefund.com/wp-content/uploads/2022/06/faviconcd35.ico]
[actionrefund.com/new-action-articles-fr-3/index.html]
[actionrefund.com/new-action-articles-fr-2/index.html]
[actionrefund.com/new-action-articles-fr-1/index.html]
[actionrefund.com/wp-content/themes/coelix/new4-mainbeed.js]
[actionrefund.com/new-action-articles-fr-4/index.html]
[actionrefund.com/wp-content/themes/coelix/newabout32f25b.css]
[actionrefund.com/wp-content/uploads/2022/06/favicon6054.ico]
[actionrefund.com/new-action-articles-de-3/index.html]
[actionrefund.com/new-action-articles-de-2/index.html]
[actionrefund.com/wp-content/themes/coelix/new4-main3765.js]
[actionrefund.com/new-action-articles-de-1/index.html]
[actionrefund.com/wp-content/themes/coelix/newabout32f2ec.css]
[actionrefund.com/wp-content/uploads/2022/06/favicona0b8.ico]
[actionrefund.com/wp-content/themes/coelix/new4-main37e9.js]
[actionrefund.com/new-action-articles-2/index.html]
[actionrefund.com/new-action-articlesde/index.html]
[actionrefund.com/new-action-articlesfr/index.html]
[actionrefund.com/wp-content/themes/coelix/newabout32b4ae.css]
[actionrefund.com/wp-content/uploads/2022/06/favicond12f.ico]
[actionrefund.com/wp-content/themes/coelix/new4-maine3ca.js]
[actionrefund.com/new-action-articles-3/index.html]
[actionrefund.com/wp-content/themes/coelix/newabout3284c7.css]
[actionrefund.com/wp-content/uploads/2022/06/favicon3228.ico]
[actionrefund.com/wp-content/themes/coelix/new4-mainf1c8.js]
[actionrefund.com/new-action-articles-4/index.html]
[actionrefund.com/new-action-articles-1/_data_image/png;base64,iVBORw0KGgoAAAANSUhEUgAAABAAAAAQCAYA/9hAAABHklEQVQ4EaVTO26DQBD1ohQWaS2lg9JybZ+AK7hNw/98DywOw3Dued4Who/M2aIx5lZV1aEsy0+qiwHELyi+/il8IalkCLBfNVAAAAABJRU5]
[actionrefund.com/wp-content/themes/coelix/newabout32c4a5.css]
[actionrefund.com/wp-content/themes/coelix/newabout32f845.css]
[actionrefund.com/wp-content/themes/coelix/legale7cd.js]
[actionrefund.com/new-action-articles-1/_data_image/png;base64,iVBORw0KGgoAAAANSUhEUgAAABAAAAAQCAYA/9hAAABHklEQVQ4EaVTO26DQBD1ohQWaS2lg9JybZ+AK7hNw/98DywOw3Dued4Who/M2aIx5lZV1aEsy0+qiwHELyi+/il8IalkCLBfNVAAAAABJRU5-2]
[actionrefund.com/wp-content/themes/coelix/new4-maineb34.js]
[actionrefund.com/new-action-contactsfr/index.html]
[actionrefund.com/wp-content/themes/coelix/newabout32a735.css]
[actionrefund.com/wp-content/themes/coelix/legal00dc.js]
[actionrefund.com/wp-content/themes/coelix/new4-maina0da.js]
[actionrefund.com/new-action-contactsde/index.html]
[actionrefund.com/new-action-contacts/_data_image/png;base64,iVBORw0KGgoAAAANSUhEUgAAABAAAAAQCAYA/9hAAABHklEQVQ4EaVTO26DQBD1ohQWaS2lg9JybZ+AK7hNw/98DywOw3Dued4Who/M2aIx5lZV1aEsy0+qiwHELyi+Yt/il8IalkCLBfNVAAAAABJRU5]
[actionrefund.com/wp-includes/css/dist/block-library/style.minc4ec.css]
[actionrefund.com/wp-content/plugins/sitepress-multilingual-cms/templates/language-switchers/legacy-dropdown/style68b3.css]
[actionrefund.com/wp-content/plugins/wpml-translation-management/res/css/admin-bar-style562c.css]
[actionrefund.com/wp-content/themes/coelix/assets/images/wave-background.png]
[actionrefund.com/wp-content/themes/coelix/assets/images/svg/step-arrow.svg]
[actionrefund.com/wp-content/themes/coelix/dist/main697d.css]
[cdn.jsdelivr.net/npm/select2@4.1.0-beta.1/dist/css/select2.minc4ec.css]
[cdnjs.cloudflare.com/ajax/libs/slick-carousel/1.9.0/slick.minc4ec.css]
[actionrefund.com/wp-content/themes/coelix/dist/lazyembed.min697d.css]
[actionrefund.com/xmlrpc0db0.html]
[actionrefund.com/indexa1e2.html]
[actionrefund.com/wp-content/themes/coelix/assets/images/svg/logo.svg]
[actionrefund.com/wp-content/uploads/2020/11/facebook.svg]
[actionrefund.com/wp-content/uploads/2020/11/twitter.svg]
[actionrefund.com/wp-content/uploads/2020/12/instagram.svg]
[actionrefund.com/wp-content/themes/coelix/assets/images/svg/email.svg]
[actionrefund.com/wp-content/themes/coelix/assets/images/svg/privacy-policy.svg]
[actionrefund.com/wp-content/uploads/2021/10/privacy-policy.svg]
[actionrefund.com/wp-content/themes/coelix/assets/images/svg/map.svg]
[actionrefund.com/wp-content/themes/coelix/assets/images/svg/docs.svg]
[actionrefund.com/new-action-contacts/_data_image/png;base64,iVBORw0KGgoAAAANSUhEUgAAABAAAAAQCAYA/9hAAABHklEQVQ4EaVTO26DQBD1ohQWaS2lg9JybZ+AK7hNw/98DywOw3Dued4Who/M2aIx5lZV1aEsy0+qiwHELyi+Yt/il8IalkCLBfNVAAAAABJRU5-2]
[actionrefund.com/wp-json/oembed/1.0/embed7197.json]
[actionrefund.com/wp-json/oembed/1.0/embedcc4e]
[actionrefund.com/terms-and-conditions/index.html]
[actionrefund.com/wp-content/themes/coelix/assets/images/svg/phone.svg]
[actionrefund.com/wp-content/themes/coelix/assets/images/svg/popup-image.svg]
[actionrefund.com/wp-content/themes/coelix/assets/images/svg/calc-icon.svg]
[actionrefund.com/wp-content/themes/coelix/newmain8-styleseb53.css]
[actionrefund.com/wp-content/themes/coelix/legal-rebuild26d57.css]
[actionrefund.com/wp-content/uploads/2022/06/favicon714e.ico]
[actionrefund.com/wp-content/themes/coelix/legalb73a.js]
[actionrefund.com/wp-content/themes/coelix/new4-main36ec.js]
[actionrefund.com/new-terms-fr/index.html]
[actionrefund.com/newaction-fr/_data_image/png;base64,iVBORw0KGgoAAAANSUhEUgAAABAAAAAQCAYA/9hAAABHklEQVQ4EaVTO26DQBD1ohQWaS2lg9JybZ+AK7hNw/98DywOw3Dued4Who/M2aIx5lZV1aEsy0+qiwHELyi+Ytl0PQ69S/il8IalkCLBfNVAAAAABJRU5]
[actionrefund.com/wp-content/themes/coelix/legal-rebuild283f9.css]
[actionrefund.com/wp-content/themes/coelix/newAssets-privacy-disclaimer/style1599a.css]
[actionrefund.com/wp-content/uploads/2022/06/faviconef8c.ico]
[actionrefund.com/wp-content/themes/coelix/legal31be.js]
[actionrefund.com/newaction-fr/_data_image/png;base64,iVBORw0KGgoAAAANSUhEUgAAABAAAAAQCAYA/9hAAABHklEQVQ4EaVTO26DQBD1ohQWaS2lg9JybZ+AK7hNw/98DywOw3Dued4Who/M2aIx5lZV1aEsy0+qiwHELyi+Ytl0PQ69S/il8IalkCLBfNVAAAAABJRU5-2]
[actionrefund.com/wp-content/themes/coelix/new4-main458f.js]
[actionrefund.com/new-privacy-fr/index.html]
[actionrefund.com/wp-content/uploads/2022/06/faviconff1d.ico]
[actionrefund.com/wp-content/themes/coelix/legal-rebuild296cf.css]
[actionrefund.com/wp-content/themes/coelix/legal2800.js]
[actionrefund.com/new-disclaimer-fr/index.html]
[actionrefund.com/wp-content/themes/coelix/new4-main057a.js]
[actionrefund.com/new-legal-fr/index.html]
[actionrefund.com/wp-content/themes/coelix/newmain8-styles7861.css]
[actionrefund.com/new-cookie-fr/index.html]
[actionrefund.com/wp-content/themes/coelix/legal-rebuild267be.css]
[actionrefund.com/wp-content/uploads/2022/06/favicon9324.ico]
[actionrefund.com/wp-content/themes/coelix/legal7823.js]
[actionrefund.com/wp-content/themes/coelix/new4-main10ee.js]
[actionrefund.com/new-terms-de/index.html]
[actionrefund.com/action-de/_data_image/png;base64,iVBORw0KGgoAAAANSUhEUgAAABAAAAAQCAYA/9hAAABHklEQVQ4EaVTO26DQBD1ohQWaS2lg9JybZ+AK7hNw/98DywOw3Dued4Who/M2aIx5lZV1aEsy0+qiwHELyi+Ytl0PQ69SxAx/il8IalkCLBfNVAAAAABJRU5]
[actionrefund.com/wp-content/themes/coelix/legal-rebuild288e5.css]
[actionrefund.com/wp-content/themes/coelix/newAssets-privacy-disclaimer/style1b83f.css]
[actionrefund.com/action-de/_data_image/png;base64,iVBORw0KGgoAAAANSUhEUgAAABAAAAAQCAYA/9hAAABHklEQVQ4EaVTO26DQBD1ohQWaS2lg9JybZ+AK7hNw/98DywOw3Dued4Who/M2aIx5lZV1aEsy0+qiwHELyi+Ytl0PQ69SxAx/il8IalkCLBfNVAAAAABJRU5-2]
[actionrefund.com/wp-content/uploads/2022/06/favicon746c.ico]
[actionrefund.com/wp-content/themes/coelix/legal825b.js]
[actionrefund.com/wp-content/themes/coelix/new4-main3a65.js]
[actionrefund.com/new-privacy-de/index.html]
[actionrefund.com/wp-content/uploads/2022/06/favicon38de.ico]
[actionrefund.com/wp-content/themes/coelix/legal-rebuild2bc73.css]
[actionrefund.com/wp-content/themes/coelix/legal4b88.js]
[actionrefund.com/new-disclaimer-de/index.html]
[actionrefund.com/new-cookie-de/index.html]
[actionrefund.com/wp-content/themes/coelix/new4-maind599.js]
[actionrefund.com/new-legal-de/index.html]
[actionrefund.com/indexa09e.html]
[actionrefund.com/wp-json/oembed/1.0/embed18cd.json]
[actionrefund.com/wp-json/oembed/1.0/embeddcbb]
[actionrefund.com/faq-2/index.html]
[actionrefund.com/wp-content/uploads/2020/11/faq-image-1.png]
[actionrefund.com/faq/index.html]
[actionrefund.com/wp-content/themes/coelix/assets/images/svg/contact-form-image.svg]
[actionrefund.com/wp-content/themes/coelix/assets/images/svg/lose-money.svg]
[actionrefund.com/wp-content/themes/coelix/legal-rebuild2c8d6.css]
[actionrefund.com/wp-json/oembed/1.0/embed5a2a.json]
[actionrefund.com/wp-json/oembed/1.0/embedcfe6]
[actionrefund.com/testimonials/index.html]
[actionrefund.com/testimonials-2/index.html]
[actionrefund.com/wp-json/oembed/1.0/embed91bd.json]
[actionrefund.com/wp-json/oembed/1.0/embed825a]
[actionrefund.com/contact-us/index.html]
[actionrefund.com/fr/index.html]
[actionrefund.com/wp-json/oembed/1.0/embed9efe.json]
[actionrefund.com/fr/feed/index.html]
[actionrefund.com/fr/comments/feed/index.html]
[actionrefund.com/wp-json/oembed/1.0/embed4e09]
[actionrefund.com/wp-content/themes/coelix/assets/images/first-screen-background.png]
[actionrefund.com/fr/about-us/index.html]
[actionrefund.com/fr/services-2/index.html]
[actionrefund.com/wp-content/uploads/2020/11/10956-01-1-1.png]
[actionrefund.com/fr/testimonials-2/index.html]
[actionrefund.com/fr/faq-2/index.html]
[actionrefund.com/fr/articles/index.html]
[actionrefund.com/wp-content/uploads/2021/02/how-it-works-e1606827915460MIN.png]
[actionrefund.com/fr/contact-us/index.html]
[actionrefund.com/fr/payment/index.html]
[actionrefund.com/wp-content/uploads/2020/11/eye.svg]
[actionrefund.com/wp-content/uploads/2020/11/doc.svg]
[actionrefund.com/wp-content/uploads/2020/11/people.svg]
[actionrefund.com/wp-content/uploads/2020/11/wallet.svg]
[actionrefund.com/wp-content/uploads/2020/11/Vector-1.svg]
[actionrefund.com/wp-content/uploads/2020/11/Vector-1-1.svg]
[actionrefund.com/wp-content/uploads/2020/11/bg-1-e1606479670585.png]
[actionrefund.com/wp-content/uploads/2020/12/france.svg]
[actionrefund.com/wp-content/uploads/2020/11/Group.png]
[actionrefund.com/wp-content/uploads/2020/11/8989890000-1.png]
[actionrefund.com/wp-content/uploads/2020/11/kfkfkfkkfkf-1.png]
[actionrefund.com/wp-content/uploads/2020/11/Group-177.png]
[actionrefund.com/wp-content/uploads/2021/02/GroupMIN.png]
[actionrefund.com/fr/privacy-policy]
[actionrefund.com/fr/home/index.html]
[actionrefund.com/index44fb.html]
[actionrefund.com/xmlrpc.html]
[actionrefund.com/wp-content/themes/coelix/assets/images/svg/Updated-post-icon.svg]
[actionrefund.com/fr/terms-and-conditions/index.html]
[actionrefund.com/wp-json/oembed/1.0/embedec33.json]
[actionrefund.com/diy-chargeback-is-it-possible-and-how/feed/index.html]
[actionrefund.com/wp-json/oembed/1.0/embed6a7d]
[actionrefund.com/diy-chargeback-is-it-possible-and-how/index.html]
[actionrefund.com/wp-json/oembed/1.0/embedcd57.json]
[actionrefund.com/regulations-are-they-crucial-for-a-business/feed/index.html]
[actionrefund.com/wp-json/oembed/1.0/embed379c]
[actionrefund.com/regulations-are-they-crucial-for-a-business/index.html]
[actionrefund.com/index0acd.html]
[actionrefund.com/_data_image/png;base64,iVBORw0KGgoAAAANSUhEUgAAABAAAAAQCAYA/9hAAABHklEQVQ4EaVTO26DQBD1ohQWaS2lg9JybZ+AK7hNw/98DywOw3Dued4Who/M2aIx5lZV1aEsy0+qiwHELyi+Ytl0PQ69SxAxkWIA4RMRTd/il8IalkCLBfNVAAAAABJRU5-2]
[actionrefund.com/wp-content/themes/coelix/legal-rebuild29b06.css]
[actionrefund.com/wp-content/themes/coelix/newAssets-privacy-disclaimer/style1ec58.css]
[actionrefund.com/wp-content/themes/coelix/legal-rebuild24c16.css]
[actionrefund.com/wp-content/uploads/2021/12/files.svg]
[actionrefund.com/wp-content/uploads/2021/12/policy.svg]
[actionrefund.com/wp-content/themes/coelix/legal-rebuild27d0b.css]
[actionrefund.com/wp-content/themes/coelix/newAssets-privacy-disclaimer/blue-disc-first7dea.css]
[actionrefund.com/wp-content/uploads/2022/06/favicon395d.ico]
[actionrefund.com/wp-content/themes/coelix/legal506a.js]
[actionrefund.com/wp-content/themes/coelix/new4-main0ace.js]
[actionrefund.com/new-disclaimer/index.html]
[actionrefund.com/wp-content/uploads/2021/12/sign.svg]
[actionrefund.com/wp-content/themes/coelix/legal-rebuild2deb1.css]
[actionrefund.com/wp-content/uploads/2022/06/favicon9448.ico]
[actionrefund.com/wp-content/themes/coelix/legal57c7.js]
[actionrefund.com/wp-content/themes/coelix/new4-main3547.js]
[actionrefund.com/new-cookie/index.html]
[actionrefund.com/wp-content/uploads/2021/12/cookie.svg]
[actionrefund.com/wp-content/themes/coelix/newabout32f796.css]
[actionrefund.com/about-fr/_data_image/png;base64,iVBORw0KGgoAAAANSUhEUgAAABAAAAAQCAYA/9hAAABHklEQVQ4EaVTO26DQBD1ohQWaS2lg9JybZ+AK7hNw/98DywOw3Dued4Who/M2aIx5lZV1aEsy0+qiwHELyi+Ytl0PQ69SxAxk/il8IalkCLBfNVAAAAABJRU5]
[actionrefund.com/wp-content/themes/coelix/newabout3270bf.css]
[actionrefund.com/new-action-aboutde/_data_image/png;base64,iVBORw0KGgoAAAANSUhEUgAAABAAAAAQCAYA/9hAAABHklEQVQ4EaVTO26DQBD1ohQWaS2lg9JybZ+AK7hNw/98DywOw3Dued4Who/M2aIx5lZV1aEsy0+qiwHELyi+Ytl/il8IalkCLBfNVAAAAABJRU5]
[actionrefund.com/about/_data_image/png;base64,iVBORw0KGgoAAAANSUhEUgAAABAAAAAQCAYA/9hAAABHklEQVQ4EaVTO26DQBD1ohQWaS2lg9JybZ+AK7hNw/98DywOw3Dued4Who/M2aIx5lZV1aEsy0+qiwHELyi+Ytl0PQ69SxAxkWIA/il8IalkCLBfNVAAAAABJRU5-2]
[actionrefund.com/wp-content/uploads/2021/10/serv2.svg]
[actionrefund.com/wp-content/themes/coelix/newservice5-styles619d.css]
[actionrefund.com/new-action-servicefr/_data_image/png;base64,iVBORw0KGgoAAAANSUhEUgAAABAAAAAQCAYA/9hAAABHklEQVQ4EaVTO26DQBD1ohQWaS2lg9JybZ+AK7hNw/98DywOw3Dued4Who/M2aIx5lZV1aEsy0+qiwHELyi+Y/il8IalkCLBfNVAAAAABJRU5]
[actionrefund.com/wp-content/themes/coelix/newservice5-styles2456.css]
[actionrefund.com/new-action-servicede/_data_image/png;base64,iVBORw0KGgoAAAANSUhEUgAAABAAAAAQCAYA/9hAAABHklEQVQ4EaVTO26DQBD1ohQWaS2lg9JybZ+AK7hNw/98DywOw3Dued4Who/M2aIx5lZV1aEsy0+qiwHELyi+Y/il8IalkCLBfNVAAAAABJRU5]
[actionrefund.com/new-action-aboutde/_data_image/png;base64,iVBORw0KGgoAAAANSUhEUgAAABAAAAAQCAYA/9hAAABHklEQVQ4EaVTO26DQBD1ohQWaS2lg9JybZ+AK7hNw/98DywOw3Dued4Who/M2aIx5lZV1aEsy0+qiwHELyi+Ytl/il8IalkCLBfNVAAAAABJRU5-2]
[actionrefund.com/new-action-service/_data_image/png;base64,iVBORw0KGgoAAAANSUhEUgAAABAAAAAQCAYA/9hAAABHklEQVQ4EaVTO26DQBD1ohQWaS2lg9JybZ+AK7hNw/98DywOw3Dued4Who/M2aIx5lZV1aEsy0+qiwHELyi+Ytl/il8IalkCLBfNVAAAAABJRU5-2]
[actionrefund.com/additional-1/_data_image/png;base64,iVBORw0KGgoAAAANSUhEUgAAABAAAAAQCAYA/9hAAABHklEQVQ4EaVTO26DQBD1ohQWaS2lg9JybZ+AK7hNw/98DywOw3Dued4Who/M2aIx5lZV1aEsy0+qiwHELyi+Ytl0PQ69S/il8IalkCLBfNVAAAAABJRU5-2]
[actionrefund.com/additional-2/_data_image/png;base64,iVBORw0KGgoAAAANSUhEUgAAABAAAAAQCAYA/9hAAABHklEQVQ4EaVTO26DQBD1ohQWaS2lg9JybZ+AK7hNw/98DywOw3Dued4Who/M2aIx5lZV1aEsy0+qiwHELyi+Ytl0PQ69S/il8IalkCLBfNVAAAAABJRU5-2]
[actionrefund.com/additional-3/_data_image/png;base64,iVBORw0KGgoAAAANSUhEUgAAABAAAAAQCAYA/9hAAABHklEQVQ4EaVTO26DQBD1ohQWaS2lg9JybZ+AK7hNw/98DywOw3Dued4Who/M2aIx5lZV1aEsy0+qiwHELyi+Ytl0PQ69S/il8IalkCLBfNVAAAAABJRU5-2]
[actionrefund.com/additional-4/_data_image/png;base64,iVBORw0KGgoAAAANSUhEUgAAABAAAAAQCAYA/9hAAABHklEQVQ4EaVTO26DQBD1ohQWaS2lg9JybZ+AK7hNw/98DywOw3Dued4Who/M2aIx5lZV1aEsy0+qiwHELyi+Ytl0PQ69S/il8IalkCLBfNVAAAAABJRU5-2]
[actionrefund.com/additional-5/_data_image/png;base64,iVBORw0KGgoAAAANSUhEUgAAABAAAAAQCAYA/9hAAABHklEQVQ4EaVTO26DQBD1ohQWaS2lg9JybZ+AK7hNw/98DywOw3Dued4Who/M2aIx5lZV1aEsy0+qiwHELyi+Ytl0PQ69S/il8IalkCLBfNVAAAAABJRU5-2]
[actionrefund.com/additional-6/_data_image/png;base64,iVBORw0KGgoAAAANSUhEUgAAABAAAAAQCAYA/9hAAABHklEQVQ4EaVTO26DQBD1ohQWaS2lg9JybZ+AK7hNw/98DywOw3Dued4Who/M2aIx5lZV1aEsy0+qiwHELyi+Ytl0PQ69S/il8IalkCLBfNVAAAAABJRU5-2]
[actionrefund.com/additional-7/_data_image/png;base64,iVBORw0KGgoAAAANSUhEUgAAABAAAAAQCAYA/9hAAABHklEQVQ4EaVTO26DQBD1ohQWaS2lg9JybZ+AK7hNw/98DywOw3Dued4Who/M2aIx5lZV1aEsy0+qiwHELyi+Ytl0PQ69S/il8IalkCLBfNVAAAAABJRU5-2]
[actionrefund.com/additional-8/_data_image/png;base64,iVBORw0KGgoAAAANSUhEUgAAABAAAAAQCAYA/9hAAABHklEQVQ4EaVTO26DQBD1ohQWaS2lg9JybZ+AK7hNw/98DywOw3Dued4Who/M2aIx5lZV1aEsy0+qiwHELyi+Ytl0PQ69S/il8IalkCLBfNVAAAAABJRU5-2]
[actionrefund.com/additional-9/_data_image/png;base64,iVBORw0KGgoAAAANSUhEUgAAABAAAAAQCAYA/9hAAABHklEQVQ4EaVTO26DQBD1ohQWaS2lg9JybZ+AK7hNw/98DywOw3Dued4Who/M2aIx5lZV1aEsy0+qiwHELyi+Ytl0PQ69S/il8IalkCLBfNVAAAAABJRU5-2]
[actionrefund.com/additional-10/_data_image/png;base64,iVBORw0KGgoAAAANSUhEUgAAABAAAAAQCAYA/9hAAABHklEQVQ4EaVTO26DQBD1ohQWaS2lg9JybZ+AK7hNw/98DywOw3Dued4Who/M2aIx5lZV1aEsy0+qiwHELyi+Ytl0PQ69/il8IalkCLBfNVAAAAABJRU5-2]
[actionrefund.com/additional-11/_data_image/png;base64,iVBORw0KGgoAAAANSUhEUgAAABAAAAAQCAYA/9hAAABHklEQVQ4EaVTO26DQBD1ohQWaS2lg9JybZ+AK7hNw/98DywOw3Dued4Who/M2aIx5lZV1aEsy0+qiwHELyi+Ytl0PQ69/il8IalkCLBfNVAAAAABJRU5-2]
[actionrefund.com/wp-content/themes/coelix/newmain8-styles0418.css]
[actionrefund.com/new-action-testimonialsfr/_data_image/png;base64,iVBORw0KGgoAAAANSUhEUgAAABAAAAAQCAYA/9hAAABHklEQVQ4EaVTO26DQBD1ohQWaS2lg9JybZ+AK7hNw/98DywOw3Dued4Who/M2aIx5lZV1aEsy0+qiwHE/il8IalkCLBfNVAAAAABJRU5]
[actionrefund.com/new-action-servicefr/_data_image/png;base64,iVBORw0KGgoAAAANSUhEUgAAABAAAAAQCAYA/9hAAABHklEQVQ4EaVTO26DQBD1ohQWaS2lg9JybZ+AK7hNw/98DywOw3Dued4Who/M2aIx5lZV1aEsy0+qiwHELyi+Y/il8IalkCLBfNVAAAAABJRU5-2]
[actionrefund.com/about-fr/_data_image/png;base64,iVBORw0KGgoAAAANSUhEUgAAABAAAAAQCAYA/9hAAABHklEQVQ4EaVTO26DQBD1ohQWaS2lg9JybZ+AK7hNw/98DywOw3Dued4Who/M2aIx5lZV1aEsy0+qiwHELyi+Ytl0PQ69SxAxk/il8IalkCLBfNVAAAAABJRU5-2]
[actionrefund.com/wp-content/themes/coelix/newmain8-stylesb0db.css]
[actionrefund.com/new-action-testimonialsde/_data_image/png;base64,iVBORw0KGgoAAAANSUhEUgAAABAAAAAQCAYA/9hAAABHklEQVQ4EaVTO26DQBD1ohQWaS2lg9JybZ+AK7hNw/98DywOw3Dued4Who/M2aIx5lZV1aEsy0+qiwHE/il8IalkCLBfNVAAAAABJRU5]
[actionrefund.com/new-action-testimonials/_data_image/png;base64,iVBORw0KGgoAAAANSUhEUgAAABAAAAAQCAYA/9hAAABHklEQVQ4EaVTO26DQBD1ohQWaS2lg9JybZ+AK7hNw/98DywOw3Dued4Who/M2aIx5lZV1aEsy0+qiwHELy/il8IalkCLBfNVAAAAABJRU5-2]
[actionrefund.com/wp-content/themes/coelix/newabout327343.css]
[actionrefund.com/new-action-faqfr/_data_image/png;base64,iVBORw0KGgoAAAANSUhEUgAAABAAAAAQCAYA/9hAAABHklEQVQ4EaVTO26DQBD1ohQWaS2lg9JybZ+AK7hNw/98DywOw3Dued4Who/M2aIx5lZV1aEsy0+qiwHELyi+Ytl0P/il8IalkCLBfNVAAAAABJRU5]
[actionrefund.com/new-action-servicede/_data_image/png;base64,iVBORw0KGgoAAAANSUhEUgAAABAAAAAQCAYA/9hAAABHklEQVQ4EaVTO26DQBD1ohQWaS2lg9JybZ+AK7hNw/98DywOw3Dued4Who/M2aIx5lZV1aEsy0+qiwHELyi+Y/il8IalkCLBfNVAAAAABJRU5-2]
[actionrefund.com/wp-content/themes/coelix/newabout32f771.css]
[actionrefund.com/new-action-faqde/_data_image/png;base64,iVBORw0KGgoAAAANSUhEUgAAABAAAAAQCAYA/9hAAABHklEQVQ4EaVTO26DQBD1ohQWaS2lg9JybZ+AK7hNw/98DywOw3Dued4Who/M2aIx5lZV1aEsy0+qiwHELyi+Ytl0P/il8IalkCLBfNVAAAAABJRU5]
[actionrefund.com/new-action-testimonialsfr/_data_image/png;base64,iVBORw0KGgoAAAANSUhEUgAAABAAAAAQCAYA/9hAAABHklEQVQ4EaVTO26DQBD1ohQWaS2lg9JybZ+AK7hNw/98DywOw3Dued4Who/M2aIx5lZV1aEsy0+qiwHE/il8IalkCLBfNVAAAAABJRU5-2]
[actionrefund.com/new-action-faq/_data_image/png;base64,iVBORw0KGgoAAAANSUhEUgAAABAAAAAQCAYA/9hAAABHklEQVQ4EaVTO26DQBD1ohQWaS2lg9JybZ+AK7hNw/98DywOw3Dued4Who/M2aIx5lZV1aEsy0+qiwHELyi+Ytl0PQ6/il8IalkCLBfNVAAAAABJRU5-2]
[actionrefund.com/index6cd9.html]
[actionrefund.com/new-action-testimonialsde/_data_image/png;base64,iVBORw0KGgoAAAANSUhEUgAAABAAAAAQCAYA/9hAAABHklEQVQ4EaVTO26DQBD1ohQWaS2lg9JybZ+AK7hNw/98DywOw3Dued4Who/M2aIx5lZV1aEsy0+qiwHE/il8IalkCLBfNVAAAAABJRU5-2]
[actionrefund.com/new-action-faqfr/_data_image/png;base64,iVBORw0KGgoAAAANSUhEUgAAABAAAAAQCAYA/9hAAABHklEQVQ4EaVTO26DQBD1ohQWaS2lg9JybZ+AK7hNw/98DywOw3Dued4Who/M2aIx5lZV1aEsy0+qiwHELyi+Ytl0P/il8IalkCLBfNVAAAAABJRU5-2]
[actionrefund.com/new-action-faqde/_data_image/png;base64,iVBORw0KGgoAAAANSUhEUgAAABAAAAAQCAYA/9hAAABHklEQVQ4EaVTO26DQBD1ohQWaS2lg9JybZ+AK7hNw/98DywOw3Dued4Who/M2aIx5lZV1aEsy0+qiwHELyi+Ytl0P/il8IalkCLBfNVAAAAABJRU5-2]
[actionrefund.com/wp-json/oembed/1.0/embedd14c.json]
[actionrefund.com/wp-json/oembed/1.0/embedca02]
[actionrefund.com/services-2/index.html]
[actionrefund.com/wp-content/themes/coelix/assets/images/svg/Grid-services.svg]
[actionrefund.com/wp-content/uploads/2021/02/slide1MIN.svg]
[actionrefund.com/wp-content/uploads/2021/02/slide2MIN.svg]
[actionrefund.com/wp-content/uploads/2021/02/slide3MIN.svg]
[actionrefund.com/wp-content/uploads/2021/02/slide4MIN.svg]
[actionrefund.com/wp-content/themes/coelix/newabout32dc68.css]
[actionrefund.com/wp-content/themes/coelix/newabout32ff4b.css]
[actionrefund.com/wp-content/uploads/2022/06/favicon2ff9.ico]
[actionrefund.com/wp-content/themes/coelix/new4-main72a3.js]
[actionrefund.com/new-action-articles-fr-2/index.html]
[actionrefund.com/wp-content/themes/coelix/newabout32a609.css]
[actionrefund.com/wp-content/uploads/2022/06/favicon832d.ico]
[actionrefund.com/wp-content/themes/coelix/new4-main85dd.js]
[actionrefund.com/new-action-articles-fr-3/index.html]
[actionrefund.com/wp-content/themes/coelix/newabout32d38f.css]
[actionrefund.com/wp-content/uploads/2022/06/favicon8a60.ico]
[actionrefund.com/new-action-articles-de-4/index.html]
[actionrefund.com/wp-content/themes/coelix/new4-main091c.js]
[actionrefund.com/new-action-articles-fr-4/index.html]
[actionrefund.com/new-action-articles-fr-1/_data_image/png;base64,iVBORw0KGgoAAAANSUhEUgAAABAAAAAQCAYA/9hAAABHklEQVQ4EaVTO26DQBD1ohQWaS2lg9JybZ+AK7hNw/98DywOw3Dued4Who/M2aIx5lZV1aEsy0+qiwHEL/il8IalkCLBfNVAAAAABJRU5]
[actionrefund.com/wp-content/themes/coelix/newabout32f25b.css]
[actionrefund.com/wp-content/themes/coelix/newabout32eda7.css]
[actionrefund.com/wp-content/uploads/2022/06/favicond78b.ico]
[actionrefund.com/new-action-articles-fr-1/_data_image/png;base64,iVBORw0KGgoAAAANSUhEUgAAABAAAAAQCAYA/9hAAABHklEQVQ4EaVTO26DQBD1ohQWaS2lg9JybZ+AK7hNw/98DywOw3Dued4Who/M2aIx5lZV1aEsy0+qiwHEL/il8IalkCLBfNVAAAAABJRU5-2]
[actionrefund.com/wp-content/themes/coelix/new4-main5aed.js]
[actionrefund.com/new-action-articles-de-2/index.html]
[actionrefund.com/wp-content/themes/coelix/newabout321125.css]
[actionrefund.com/wp-content/uploads/2022/06/favicon74c3.ico]
[actionrefund.com/new-action-articles-de-3/index.html]
[actionrefund.com/new-action-articles-de-1/_data_image/png;base64,iVBORw0KGgoAAAANSUhEUgAAABAAAAAQCAYA/9hAAABHklEQVQ4EaVTO26DQBD1ohQWaS2lg9JybZ+AK7hNw/98DywOw3Dued4Who/M2aIx5lZV1aEsy0+qiwHEL/il8IalkCLBfNVAAAAABJRU5]
[actionrefund.com/wp-content/themes/coelix/newabout32f2ec.css]
[actionrefund.com/wp-content/themes/coelix/new4-main283c.js]
[actionrefund.com/wp-content/themes/coelix/newabout3286d0.css]
[actionrefund.com/new-action-articlesfr/index.html]
[actionrefund.com/new-action-articlesde/index.html]
[actionrefund.com/wp-content/themes/coelix/newabout32937a.css]
[actionrefund.com/new-action-articles-2/_data_image/png;base64,iVBORw0KGgoAAAANSUhEUgAAABAAAAAQCAYA/9hAAABHklEQVQ4EaVTO26DQBD1ohQWaS2lg9JybZ+AK7hNw/98DywOw3Dued4Who/M2aIx5lZV1aEsy0+qiwHELyi+/il8IalkCLBfNVAAAAABJRU5]
[actionrefund.com/new-action-articles-de-1/_data_image/png;base64,iVBORw0KGgoAAAANSUhEUgAAABAAAAAQCAYA/9hAAABHklEQVQ4EaVTO26DQBD1ohQWaS2lg9JybZ+AK7hNw/98DywOw3Dued4Who/M2aIx5lZV1aEsy0+qiwHEL/il8IalkCLBfNVAAAAABJRU5-2]
[actionrefund.com/wp-content/themes/coelix/newabout32b4ae.css]
[actionrefund.com/new-action-articles-3/_data_image/png;base64,iVBORw0KGgoAAAANSUhEUgAAABAAAAAQCAYA/9hAAABHklEQVQ4EaVTO26DQBD1ohQWaS2lg9JybZ+AK7hNw/98DywOw3Dued4Who/M2aIx5lZV1aEsy0+qiwHELyi+/il8IalkCLBfNVAAAAABJRU5]
[actionrefund.com/new-action-articles-2/_data_image/png;base64,iVBORw0KGgoAAAANSUhEUgAAABAAAAAQCAYA/9hAAABHklEQVQ4EaVTO26DQBD1ohQWaS2lg9JybZ+AK7hNw/98DywOw3Dued4Who/M2aIx5lZV1aEsy0+qiwHELyi+/il8IalkCLBfNVAAAAABJRU5-2]
[actionrefund.com/wp-content/themes/coelix/newabout3284c7.css]
[actionrefund.com/new-action-articles-4/_data_image/png;base64,iVBORw0KGgoAAAANSUhEUgAAABAAAAAQCAYA/9hAAABHklEQVQ4EaVTO26DQBD1ohQWaS2lg9JybZ+AK7hNw/98DywOw3Dued4Who/M2aIx5lZV1aEsy0+qiwHELyi+/il8IalkCLBfNVAAAAABJRU5]
[actionrefund.com/new-action-articles-3/_data_image/png;base64,iVBORw0KGgoAAAANSUhEUgAAABAAAAAQCAYA/9hAAABHklEQVQ4EaVTO26DQBD1ohQWaS2lg9JybZ+AK7hNw/98DywOw3Dued4Who/M2aIx5lZV1aEsy0+qiwHELyi+/il8IalkCLBfNVAAAAABJRU5-2]
[actionrefund.com/new-action-articles-1/_data_image/png;base64,iVBORw0KGgoAAAANSUhEUgAAABAAAAAQCAYA/9hAAABHklEQVQ4EaVTO26DQBD1ohQWaS2lg9JybZ+AK7hNw/98DywOw3Dued4Who/M2aIx5lZV1aEsy0+qiwHELyi+/il8IalkCLBfNVAAAAABJRU5-2]
[actionrefund.com/wp-content/themes/coelix/newabout32f845.css]
[actionrefund.com/new-action-contactsfr/_data_image/png;base64,iVBORw0KGgoAAAANSUhEUgAAABAAAAAQCAYA/9hAAABHklEQVQ4EaVTO26DQBD1ohQWaS2lg9JybZ+AK7hNw/98DywOw3Dued4Who/M2aIx5lZV1aEsy0+qiwHELyi+/il8IalkCLBfNVAAAAABJRU5]
[actionrefund.com/new-action-articles-4/_data_image/png;base64,iVBORw0KGgoAAAANSUhEUgAAABAAAAAQCAYA/9hAAABHklEQVQ4EaVTO26DQBD1ohQWaS2lg9JybZ+AK7hNw/98DywOw3Dued4Who/M2aIx5lZV1aEsy0+qiwHELyi+/il8IalkCLBfNVAAAAABJRU5-2]
[actionrefund.com/wp-content/themes/coelix/newabout32a735.css]
[actionrefund.com/new-action-contactsde/_data_image/png;base64,iVBORw0KGgoAAAANSUhEUgAAABAAAAAQCAYA/9hAAABHklEQVQ4EaVTO26DQBD1ohQWaS2lg9JybZ+AK7hNw/98DywOw3Dued4Who/M2aIx5lZV1aEsy0+qiwHELyi+/il8IalkCLBfNVAAAAABJRU5]
[actionrefund.com/new-action-contactsfr/_data_image/png;base64,iVBORw0KGgoAAAANSUhEUgAAABAAAAAQCAYA/9hAAABHklEQVQ4EaVTO26DQBD1ohQWaS2lg9JybZ+AK7hNw/98DywOw3Dued4Who/M2aIx5lZV1aEsy0+qiwHELyi+/il8IalkCLBfNVAAAAABJRU5-2]
[actionrefund.com/new-action-contacts/_data_image/png;base64,iVBORw0KGgoAAAANSUhEUgAAABAAAAAQCAYA/9hAAABHklEQVQ4EaVTO26DQBD1ohQWaS2lg9JybZ+AK7hNw/98DywOw3Dued4Who/M2aIx5lZV1aEsy0+qiwHELyi+Yt/il8IalkCLBfNVAAAAABJRU5-2]
[actionrefund.com/wp-content/themes/coelix/assets/images/svg/step-arrow.svg]
[actionrefund.com/indexd0b8.html]
[actionrefund.com/wp-content/themes/coelix/legal-rebuild26d57.css]
[actionrefund.com/newaction-fr/_data_image/png;base64,iVBORw0KGgoAAAANSUhEUgAAABAAAAAQCAYA/9hAAABHklEQVQ4EaVTO26DQBD1ohQWaS2lg9JybZ+AK7hNw/98DywOw3Dued4Who/M2aIx5lZV1aEsy0+qiwHELyi+Ytl0PQ69S/il8IalkCLBfNVAAAAABJRU5-2]
[actionrefund.com/wp-content/themes/coelix/legal-rebuild283f9.css]
[actionrefund.com/wp-content/themes/coelix/newAssets-privacy-disclaimer/style1599a.css]
[actionrefund.com/wp-content/themes/coelix/legal-rebuild296cf.css]
[actionrefund.com/wp-content/themes/coelix/legal-rebuild21e0e.css]
[actionrefund.com/new-action-contactsde/_data_image/png;base64,iVBORw0KGgoAAAANSUhEUgAAABAAAAAQCAYA/9hAAABHklEQVQ4EaVTO26DQBD1ohQWaS2lg9JybZ+AK7hNw/98DywOw3Dued4Who/M2aIx5lZV1aEsy0+qiwHELyi+/il8IalkCLBfNVAAAAABJRU5-2]
[actionrefund.com/wp-content/themes/coelix/newAssets-privacy-disclaimer/blue-disc-first483a.css]
[actionrefund.com/wp-content/uploads/2022/06/favicon0251.ico]
[actionrefund.com/wp-content/themes/coelix/legal9871.js]
[actionrefund.com/wp-content/themes/coelix/new4-maine982.js]
[actionrefund.com/new-disclaimer-fr/index.html]
[actionrefund.com/wp-content/themes/coelix/legal-rebuild277a8.css]
[actionrefund.com/wp-content/uploads/2022/06/favicon44b0.ico]
[actionrefund.com/wp-content/themes/coelix/legal964a.js]
[actionrefund.com/wp-content/themes/coelix/new4-main00ef.js]
[actionrefund.com/new-cookie-fr/index.html]
[actionrefund.com/wp-content/themes/coelix/legal-rebuild267be.css]
[actionrefund.com/action-de/_data_image/png;base64,iVBORw0KGgoAAAANSUhEUgAAABAAAAAQCAYA/9hAAABHklEQVQ4EaVTO26DQBD1ohQWaS2lg9JybZ+AK7hNw/98DywOw3Dued4Who/M2aIx5lZV1aEsy0+qiwHELyi+Ytl0PQ69SxAx/il8IalkCLBfNVAAAAABJRU5-2]
[actionrefund.com/wp-content/themes/coelix/legal-rebuild288e5.css]
[actionrefund.com/wp-content/themes/coelix/newAssets-privacy-disclaimer/style1b83f.css]
[actionrefund.com/wp-content/themes/coelix/legal-rebuild2bc73.css]
[actionrefund.com/wp-content/themes/coelix/legal-rebuild27a04.css]
[actionrefund.com/wp-content/themes/coelix/newAssets-privacy-disclaimer/blue-disc-firstc09a.css]
[actionrefund.com/wp-content/uploads/2022/06/favicon1e19.ico]
[actionrefund.com/wp-content/themes/coelix/legal05d2.js]
[actionrefund.com/wp-content/themes/coelix/new4-mainac01.js]
[actionrefund.com/new-disclaimer-de/index.html]
[actionrefund.com/wp-content/themes/coelix/legal-rebuild298f2.css]
[actionrefund.com/wp-content/uploads/2022/06/favicond435.ico]
[actionrefund.com/wp-content/themes/coelix/legalebcd.js]
[actionrefund.com/wp-content/themes/coelix/new4-main401d.js]
[actionrefund.com/new-cookie-de/index.html]
[actionrefund.com/indexd4a6.html]
[actionrefund.com/wp-json/oembed/1.0/embedff5c.json]
[actionrefund.com/wp-json/oembed/1.0/embed1849]
[actionrefund.com/faq-2/index.html]
[actionrefund.com/indexcb89.html]
[actionrefund.com/wp-json/oembed/1.0/embed2e99.json]
[actionrefund.com/wp-json/oembed/1.0/embed1a16]
[actionrefund.com/testimonials-2/index.html]
[actionrefund.com/indexb998.html]
[actionrefund.com/wp-content/themes/coelix/newmain8-styles44f2.css]
[actionrefund.com/wp-content/themes/coelix/reworkUtils2d1d4.js]
[actionrefund.com/wp-content/themes/coelix/main-jsfc12.js]
[actionrefund.com/fr/index.html]
[actionrefund.com/fr/index5b8d.html]
[actionrefund.com/wp-json/oembed/1.0/embed7fd1.json]
[actionrefund.com/wp-json/oembed/1.0/embedb6cd]
[actionrefund.com/fr/about-us/index.html]
[actionrefund.com/fr/faq/index.html]
[actionrefund.com/wp-json/oembed/1.0/embed33a4.json]
[actionrefund.com/wp-json/oembed/1.0/embed216a]
[actionrefund.com/fr/services-2/index.html]
[actionrefund.com/fr/services/index.html]
[actionrefund.com/wp-json/oembed/1.0/embedce72.json]
[actionrefund.com/fr/testimonials-2/index.html]
[actionrefund.com/wp-json/oembed/1.0/embedf728]
[actionrefund.com/fr/testimonials/index.html]
[actionrefund.com/wp-json/oembed/1.0/embed76e9.json]
[actionrefund.com/wp-json/oembed/1.0/embedc365]
[actionrefund.com/fr/faq-2/index.html]
[actionrefund.com/articles/index.html]
[actionrefund.com/wp-json/oembed/1.0/embedb6b1.json]
[actionrefund.com/wp-json/oembed/1.0/embed05ee]
[actionrefund.com/wp-content/themes/coelix/assets/images/about-section-background.png]
[actionrefund.com/fr/articles/index.html]
[actionrefund.com/wp-json/oembed/1.0/embed3e5b.json]
[actionrefund.com/wp-json/oembed/1.0/embedcde3]
[actionrefund.com/fr/contact-us/index.html]
[actionrefund.com/wp-json/oembed/1.0/embedb8e9.json]
[actionrefund.com/wp-json/oembed/1.0/embedc21c]
[actionrefund.com/fr/payment/index.html]
[actionrefund.com/wp-content/uploads/2020/11/eye.svg]
[actionrefund.com/wp-content/uploads/2020/11/doc.svg]
[actionrefund.com/wp-content/uploads/2020/11/people.svg]
[actionrefund.com/wp-content/uploads/2020/11/wallet.svg]
[actionrefund.com/wp-content/uploads/2020/11/Vector-1.svg]
[actionrefund.com/wp-content/uploads/2020/11/Vector-1-1.svg]
[actionrefund.com/wp-content/uploads/2020/12/france.svg]
[actionrefund.com/fr/privacy-policy.html]
[actionrefund.com/wp-json/oembed/1.0/embed55f2.json]
[actionrefund.com/wp-json/oembed/1.0/embedae5d]
[actionrefund.com/fr/terms-and-conditions/index.html]
[actionrefund.com/indexd470.html]
[actionrefund.com/index8372.html]
[actionrefund.com/wp-content/themes/coelix/legal-rebuild27d0b.css]
[actionrefund.com/wp-content/themes/coelix/newAssets-privacy-disclaimer/blue-disc-first7dea.css]
[actionrefund.com/wp-content/themes/coelix/legal-rebuild2deb1.css]
[actionrefund.com/about-fr/_data_image/png;base64,iVBORw0KGgoAAAANSUhEUgAAABAAAAAQCAYA/9hAAABHklEQVQ4EaVTO26DQBD1ohQWaS2lg9JybZ+AK7hNw/98DywOw3Dued4Who/M2aIx5lZV1aEsy0+qiwHELyi+Ytl0PQ69SxAxk/il8IalkCLBfNVAAAAABJRU5-2]
[actionrefund.com/new-action-aboutde/_data_image/png;base64,iVBORw0KGgoAAAANSUhEUgAAABAAAAAQCAYA/9hAAABHklEQVQ4EaVTO26DQBD1ohQWaS2lg9JybZ+AK7hNw/98DywOw3Dued4Who/M2aIx5lZV1aEsy0+qiwHELyi+Ytl/il8IalkCLBfNVAAAAABJRU5-2]
[actionrefund.com/new-action-servicefr/_data_image/png;base64,iVBORw0KGgoAAAANSUhEUgAAABAAAAAQCAYA/9hAAABHklEQVQ4EaVTO26DQBD1ohQWaS2lg9JybZ+AK7hNw/98DywOw3Dued4Who/M2aIx5lZV1aEsy0+qiwHELyi+Y/il8IalkCLBfNVAAAAABJRU5-2]
[actionrefund.com/new-action-servicede/_data_image/png;base64,iVBORw0KGgoAAAANSUhEUgAAABAAAAAQCAYA/9hAAABHklEQVQ4EaVTO26DQBD1ohQWaS2lg9JybZ+AK7hNw/98DywOw3Dued4Who/M2aIx5lZV1aEsy0+qiwHELyi+Y/il8IalkCLBfNVAAAAABJRU5-2]
[actionrefund.com/new-action-testimonialsfr/_data_image/png;base64,iVBORw0KGgoAAAANSUhEUgAAABAAAAAQCAYA/9hAAABHklEQVQ4EaVTO26DQBD1ohQWaS2lg9JybZ+AK7hNw/98DywOw3Dued4Who/M2aIx5lZV1aEsy0+qiwHE/il8IalkCLBfNVAAAAABJRU5-2]
[actionrefund.com/new-action-testimonialsde/_data_image/png;base64,iVBORw0KGgoAAAANSUhEUgAAABAAAAAQCAYA/9hAAABHklEQVQ4EaVTO26DQBD1ohQWaS2lg9JybZ+AK7hNw/98DywOw3Dued4Who/M2aIx5lZV1aEsy0+qiwHE/il8IalkCLBfNVAAAAABJRU5-2]
[actionrefund.com/new-action-faqfr/_data_image/png;base64,iVBORw0KGgoAAAANSUhEUgAAABAAAAAQCAYA/9hAAABHklEQVQ4EaVTO26DQBD1ohQWaS2lg9JybZ+AK7hNw/98DywOw3Dued4Who/M2aIx5lZV1aEsy0+qiwHELyi+Ytl0P/il8IalkCLBfNVAAAAABJRU5-2]
[actionrefund.com/new-action-faqde/_data_image/png;base64,iVBORw0KGgoAAAANSUhEUgAAABAAAAAQCAYA/9hAAABHklEQVQ4EaVTO26DQBD1ohQWaS2lg9JybZ+AK7hNw/98DywOw3Dued4Who/M2aIx5lZV1aEsy0+qiwHELyi+Ytl0P/il8IalkCLBfNVAAAAABJRU5-2]
[actionrefund.com/index0ae6.html]
[actionrefund.com/wp-content/themes/coelix/newabout32ff4b.css]
[actionrefund.com/new-action-articles-fr-2/_data_image/png;base64,iVBORw0KGgoAAAANSUhEUgAAABAAAAAQCAYA/9hAAABHklEQVQ4EaVTO26DQBD1ohQWaS2lg9JybZ+AK7hNw/98DywOw3Dued4Who/M2aIx5lZV1aEsy0+qiwHEL/il8IalkCLBfNVAAAAABJRU5]
[actionrefund.com/wp-content/themes/coelix/newabout32a609.css]
[actionrefund.com/new-action-articles-fr-3/_data_image/png;base64,iVBORw0KGgoAAAANSUhEUgAAABAAAAAQCAYA/9hAAABHklEQVQ4EaVTO26DQBD1ohQWaS2lg9JybZ+AK7hNw/98DywOw3Dued4Who/M2aIx5lZV1aEsy0+qiwHEL/il8IalkCLBfNVAAAAABJRU5]
[actionrefund.com/wp-content/themes/coelix/newabout32d38f.css]
[actionrefund.com/wp-content/themes/coelix/newabout327968.css]
[actionrefund.com/new-action-articles-fr-2/_data_image/png;base64,iVBORw0KGgoAAAANSUhEUgAAABAAAAAQCAYA/9hAAABHklEQVQ4EaVTO26DQBD1ohQWaS2lg9JybZ+AK7hNw/98DywOw3Dued4Who/M2aIx5lZV1aEsy0+qiwHEL/il8IalkCLBfNVAAAAABJRU5-2]
[actionrefund.com/new-action-articles-fr-3/_data_image/png;base64,iVBORw0KGgoAAAANSUhEUgAAABAAAAAQCAYA/9hAAABHklEQVQ4EaVTO26DQBD1ohQWaS2lg9JybZ+AK7hNw/98DywOw3Dued4Who/M2aIx5lZV1aEsy0+qiwHEL/il8IalkCLBfNVAAAAABJRU5-2]
[actionrefund.com/wp-content/uploads/2022/06/favicon985c.ico]
[actionrefund.com/wp-content/themes/coelix/new4-main9074.js]
[actionrefund.com/new-action-articles-de-4/index.html]
[actionrefund.com/new-action-articles-fr-4/_data_image/png;base64,iVBORw0KGgoAAAANSUhEUgAAABAAAAAQCAYA/9hAAABHklEQVQ4EaVTO26DQBD1ohQWaS2lg9JybZ+AK7hNw/98DywOw3Dued4Who/M2aIx5lZV1aEsy0+qiwHEL/il8IalkCLBfNVAAAAABJRU5]
[actionrefund.com/new-action-articles-fr-1/_data_image/png;base64,iVBORw0KGgoAAAANSUhEUgAAABAAAAAQCAYA/9hAAABHklEQVQ4EaVTO26DQBD1ohQWaS2lg9JybZ+AK7hNw/98DywOw3Dued4Who/M2aIx5lZV1aEsy0+qiwHEL/il8IalkCLBfNVAAAAABJRU5-2]
[actionrefund.com/wp-content/themes/coelix/newabout32eda7.css]
[actionrefund.com/new-action-articles-de-2/_data_image/png;base64,iVBORw0KGgoAAAANSUhEUgAAABAAAAAQCAYA/9hAAABHklEQVQ4EaVTO26DQBD1ohQWaS2lg9JybZ+AK7hNw/98DywOw3Dued4Who/M2aIx5lZV1aEsy0+qiwHEL/il8IalkCLBfNVAAAAABJRU5]
[actionrefund.com/wp-content/themes/coelix/newabout321125.css]
[actionrefund.com/new-action-articles-de-3/_data_image/png;base64,iVBORw0KGgoAAAANSUhEUgAAABAAAAAQCAYA/9hAAABHklEQVQ4EaVTO26DQBD1ohQWaS2lg9JybZ+AK7hNw/98DywOw3Dued4Who/M2aIx5lZV1aEsy0+qiwHEL/il8IalkCLBfNVAAAAABJRU5]
[actionrefund.com/new-action-articles-de-1/_data_image/png;base64,iVBORw0KGgoAAAANSUhEUgAAABAAAAAQCAYA/9hAAABHklEQVQ4EaVTO26DQBD1ohQWaS2lg9JybZ+AK7hNw/98DywOw3Dued4Who/M2aIx5lZV1aEsy0+qiwHEL/il8IalkCLBfNVAAAAABJRU5-2]
[actionrefund.com/wp-content/themes/coelix/newabout3286d0.css]
[actionrefund.com/new-action-articlesfr/_data_image/png;base64,iVBORw0KGgoAAAANSUhEUgAAABAAAAAQCAYA/9hAAABHklEQVQ4EaVTO26DQBD1ohQWaS2lg9JybZ+AK7hNw/98DywOw3Dued4Who/M2aIx5lZV1aEsy0+qiwHELyi+/il8IalkCLBfNVAAAAABJRU5]
[actionrefund.com/new-action-articles-fr-4/_data_image/png;base64,iVBORw0KGgoAAAANSUhEUgAAABAAAAAQCAYA/9hAAABHklEQVQ4EaVTO26DQBD1ohQWaS2lg9JybZ+AK7hNw/98DywOw3Dued4Who/M2aIx5lZV1aEsy0+qiwHEL/il8IalkCLBfNVAAAAABJRU5-2]
[actionrefund.com/wp-content/themes/coelix/newabout32937a.css]
[actionrefund.com/new-action-articlesde/_data_image/png;base64,iVBORw0KGgoAAAANSUhEUgAAABAAAAAQCAYA/9hAAABHklEQVQ4EaVTO26DQBD1ohQWaS2lg9JybZ+AK7hNw/98DywOw3Dued4Who/M2aIx5lZV1aEsy0+qiwHELyi+/il8IalkCLBfNVAAAAABJRU5]
[actionrefund.com/new-action-articles-de-2/_data_image/png;base64,iVBORw0KGgoAAAANSUhEUgAAABAAAAAQCAYA/9hAAABHklEQVQ4EaVTO26DQBD1ohQWaS2lg9JybZ+AK7hNw/98DywOw3Dued4Who/M2aIx5lZV1aEsy0+qiwHEL/il8IalkCLBfNVAAAAABJRU5-2]
[actionrefund.com/new-action-articles-2/_data_image/png;base64,iVBORw0KGgoAAAANSUhEUgAAABAAAAAQCAYA/9hAAABHklEQVQ4EaVTO26DQBD1ohQWaS2lg9JybZ+AK7hNw/98DywOw3Dued4Who/M2aIx5lZV1aEsy0+qiwHELyi+/il8IalkCLBfNVAAAAABJRU5-2]
[actionrefund.com/new-action-articles-3/_data_image/png;base64,iVBORw0KGgoAAAANSUhEUgAAABAAAAAQCAYA/9hAAABHklEQVQ4EaVTO26DQBD1ohQWaS2lg9JybZ+AK7hNw/98DywOw3Dued4Who/M2aIx5lZV1aEsy0+qiwHELyi+/il8IalkCLBfNVAAAAABJRU5-2]
[actionrefund.com/new-action-articles-4/_data_image/png;base64,iVBORw0KGgoAAAANSUhEUgAAABAAAAAQCAYA/9hAAABHklEQVQ4EaVTO26DQBD1ohQWaS2lg9JybZ+AK7hNw/98DywOw3Dued4Who/M2aIx5lZV1aEsy0+qiwHELyi+/il8IalkCLBfNVAAAAABJRU5-2]
[actionrefund.com/new-action-contactsfr/_data_image/png;base64,iVBORw0KGgoAAAANSUhEUgAAABAAAAAQCAYA/9hAAABHklEQVQ4EaVTO26DQBD1ohQWaS2lg9JybZ+AK7hNw/98DywOw3Dued4Who/M2aIx5lZV1aEsy0+qiwHELyi+/il8IalkCLBfNVAAAAABJRU5-2]
[actionrefund.com/new-action-contactsde/_data_image/png;base64,iVBORw0KGgoAAAANSUhEUgAAABAAAAAQCAYA/9hAAABHklEQVQ4EaVTO26DQBD1ohQWaS2lg9JybZ+AK7hNw/98DywOw3Dued4Who/M2aIx5lZV1aEsy0+qiwHELyi+/il8IalkCLBfNVAAAAABJRU5-2]
[actionrefund.com/new-action-articles-de-3/_data_image/png;base64,iVBORw0KGgoAAAANSUhEUgAAABAAAAAQCAYA/9hAAABHklEQVQ4EaVTO26DQBD1ohQWaS2lg9JybZ+AK7hNw/98DywOw3Dued4Who/M2aIx5lZV1aEsy0+qiwHEL/il8IalkCLBfNVAAAAABJRU5-2]
[actionrefund.com/wp-content/themes/coelix/legal-rebuild21e0e.css]
[actionrefund.com/wp-content/themes/coelix/newAssets-privacy-disclaimer/blue-disc-first483a.css]
[actionrefund.com/wp-content/themes/coelix/legal-rebuild277a8.css]
[actionrefund.com/wp-content/themes/coelix/legal-rebuild27a04.css]
[actionrefund.com/wp-content/themes/coelix/newAssets-privacy-disclaimer/blue-disc-firstc09a.css]
[actionrefund.com/wp-content/themes/coelix/legal-rebuild298f2.css]
[actionrefund.com/index0959.html]
[actionrefund.com/index9aa6.html]
[actionrefund.com/wp-content/themes/coelix/newmain8-styles44f2.css]
[actionrefund.com/fr/_data_image/png;base64,iVBORw0KGgoAAAANSUhEUgAAABAAAAAQCAYA/9hAAABHklEQVQ4EaVTO26DQBD1ohQWaS2lg9JybZ+AK7hNw/98DywOw3Dued4Who/M2aIx5lZV1aEsy0+qiwHELyi+Ytl0PQ69SxAxkWIA4RM/il8IalkCLBfNVAAAAABJRU5]
[actionrefund.com/fr/indexa32d.html]
[actionrefund.com/new-action-articlesfr/_data_image/png;base64,iVBORw0KGgoAAAANSUhEUgAAABAAAAAQCAYA/9hAAABHklEQVQ4EaVTO26DQBD1ohQWaS2lg9JybZ+AK7hNw/98DywOw3Dued4Who/M2aIx5lZV1aEsy0+qiwHELyi+/il8IalkCLBfNVAAAAABJRU5-2]
[actionrefund.com/new-action-articlesde/_data_image/png;base64,iVBORw0KGgoAAAANSUhEUgAAABAAAAAQCAYA/9hAAABHklEQVQ4EaVTO26DQBD1ohQWaS2lg9JybZ+AK7hNw/98DywOw3Dued4Who/M2aIx5lZV1aEsy0+qiwHELyi+/il8IalkCLBfNVAAAAABJRU5-2]
[actionrefund.com/wp-json/oembed/1.0/embed91e8.json]
[actionrefund.com/fr/_data_image/png;base64,iVBORw0KGgoAAAANSUhEUgAAABAAAAAQCAYA/9hAAABHklEQVQ4EaVTO26DQBD1ohQWaS2lg9JybZ+AK7hNw/98DywOw3Dued4Who/M2aIx5lZV1aEsy0+qiwHELyi+Ytl0PQ69SxAxkWIA4RM/il8IalkCLBfNVAAAAABJRU5-2]
[actionrefund.com/wp-json/oembed/1.0/embedeb72]
[actionrefund.com/fr/faq/index.html]
[actionrefund.com/fr/index0ae6.html]
[actionrefund.com/wp-json/oembed/1.0/embedced4.json]
[actionrefund.com/wp-json/oembed/1.0/embed1217]
[actionrefund.com/fr/services/index.html]
[actionrefund.com/fr/index9aa6.html]
[actionrefund.com/wp-json/oembed/1.0/embedbebd.json]
[actionrefund.com/wp-json/oembed/1.0/embed55c6]
[actionrefund.com/fr/testimonials/index.html]
[actionrefund.com/fr/index0959.html]
[actionrefund.com/wp-json/oembed/1.0/embedcd31.json]
[actionrefund.com/wp-json/oembed/1.0/embedf63f]
[actionrefund.com/articles/index.html]
[actionrefund.com/fr/indexbe7c.html]
[actionrefund.com/fr/index3fa3.html]
[actionrefund.com/fr/indexa4b1.html]
[actionrefund.com/fr/indexb849.html]
[actionrefund.com/new-action-articles-fr-2/_data_image/png;base64,iVBORw0KGgoAAAANSUhEUgAAABAAAAAQCAYA/9hAAABHklEQVQ4EaVTO26DQBD1ohQWaS2lg9JybZ+AK7hNw/98DywOw3Dued4Who/M2aIx5lZV1aEsy0+qiwHEL/il8IalkCLBfNVAAAAABJRU5-2]
[actionrefund.com/new-action-articles-fr-3/_data_image/png;base64,iVBORw0KGgoAAAANSUhEUgAAABAAAAAQCAYA/9hAAABHklEQVQ4EaVTO26DQBD1ohQWaS2lg9JybZ+AK7hNw/98DywOw3Dued4Who/M2aIx5lZV1aEsy0+qiwHEL/il8IalkCLBfNVAAAAABJRU5-2]
[actionrefund.com/wp-content/themes/coelix/newabout327968.css]
[actionrefund.com/new-action-articles-de-4/_data_image/png;base64,iVBORw0KGgoAAAANSUhEUgAAABAAAAAQCAYA/9hAAABHklEQVQ4EaVTO26DQBD1ohQWaS2lg9JybZ+AK7hNw/98DywOw3Dued4Who/M2aIx5lZV1aEsy0+qiwHEL/il8IalkCLBfNVAAAAABJRU5]
[actionrefund.com/new-action-articles-fr-4/_data_image/png;base64,iVBORw0KGgoAAAANSUhEUgAAABAAAAAQCAYA/9hAAABHklEQVQ4EaVTO26DQBD1ohQWaS2lg9JybZ+AK7hNw/98DywOw3Dued4Who/M2aIx5lZV1aEsy0+qiwHEL/il8IalkCLBfNVAAAAABJRU5-2]
[actionrefund.com/new-action-articles-de-2/_data_image/png;base64,iVBORw0KGgoAAAANSUhEUgAAABAAAAAQCAYA/9hAAABHklEQVQ4EaVTO26DQBD1ohQWaS2lg9JybZ+AK7hNw/98DywOw3Dued4Who/M2aIx5lZV1aEsy0+qiwHEL/il8IalkCLBfNVAAAAABJRU5-2]
[actionrefund.com/new-action-articles-de-3/_data_image/png;base64,iVBORw0KGgoAAAANSUhEUgAAABAAAAAQCAYA/9hAAABHklEQVQ4EaVTO26DQBD1ohQWaS2lg9JybZ+AK7hNw/98DywOw3Dued4Who/M2aIx5lZV1aEsy0+qiwHEL/il8IalkCLBfNVAAAAABJRU5-2]
[actionrefund.com/new-action-articlesfr/_data_image/png;base64,iVBORw0KGgoAAAANSUhEUgAAABAAAAAQCAYA/9hAAABHklEQVQ4EaVTO26DQBD1ohQWaS2lg9JybZ+AK7hNw/98DywOw3Dued4Who/M2aIx5lZV1aEsy0+qiwHELyi+/il8IalkCLBfNVAAAAABJRU5-2]
[actionrefund.com/new-action-articlesde/_data_image/png;base64,iVBORw0KGgoAAAANSUhEUgAAABAAAAAQCAYA/9hAAABHklEQVQ4EaVTO26DQBD1ohQWaS2lg9JybZ+AK7hNw/98DywOw3Dued4Who/M2aIx5lZV1aEsy0+qiwHELyi+/il8IalkCLBfNVAAAAABJRU5-2]
[actionrefund.com/fr/_data_image/png;base64,iVBORw0KGgoAAAANSUhEUgAAABAAAAAQCAYA/9hAAABHklEQVQ4EaVTO26DQBD1ohQWaS2lg9JybZ+AK7hNw/98DywOw3Dued4Who/M2aIx5lZV1aEsy0+qiwHELyi+Ytl0PQ69SxAxkWIA4RM/il8IalkCLBfNVAAAAABJRU5-2]
[actionrefund.com/fr/indexd4a6.html]
[actionrefund.com/fr/index6cd9.html]
[actionrefund.com/fr/indexcb89.html]
[actionrefund.com/index9873.html]
[actionrefund.com/new-action-articles-de-4/_data_image/png;base64,iVBORw0KGgoAAAANSUhEUgAAABAAAAAQCAYA/9hAAABHklEQVQ4EaVTO26DQBD1ohQWaS2lg9JybZ+AK7hNw/98DywOw3Dued4Who/M2aIx5lZV1aEsy0+qiwHEL/il8IalkCLBfNVAAAAABJRU5-2]
[actionrefund.com/new-action-articles-de-4/_data_image/png;base64,iVBORw0KGgoAAAANSUhEUgAAABAAAAAQCAYA/9hAAABHklEQVQ4EaVTO26DQBD1ohQWaS2lg9JybZ+AK7hNw/98DywOw3Dued4Who/M2aIx5lZV1aEsy0+qiwHEL/il8IalkCLBfNVAAAAABJRU5-2]
